Archive member included to satisfy reference by file (symbol)

/usr/lib/gcc/arm-none-eabi/12.2.1/../../../arm-none-eabi/lib/thumb/v8-m.main+fp/softfp/libm.a(lib_a-wf_sqrt.o)
                              CMakeFiles/pico_web_server.dir/home/pi/pico/pico-sdk/src/rp2_common/pico_float/float_math.c.o (sqrtf)
/usr/lib/gcc/arm-none-eabi/12.2.1/../../../arm-none-eabi/lib/thumb/v8-m.main+fp/softfp/libm.a(lib_a-ef_sqrt.o)
                              /usr/lib/gcc/arm-none-eabi/12.2.1/../../../arm-none-eabi/lib/thumb/v8-m.main+fp/softfp/libm.a(lib_a-wf_sqrt.o) (__ieee754_sqrtf)
/usr/lib/gcc/arm-none-eabi/12.2.1/../../../arm-none-eabi/lib/thumb/v8-m.main+fp/softfp/libm.a(lib_a-s_lib_ver.o)
                              /usr/lib/gcc/arm-none-eabi/12.2.1/../../../arm-none-eabi/lib/thumb/v8-m.main+fp/softfp/libm.a(lib_a-wf_sqrt.o) (__fdlib_version)
/usr/lib/gcc/arm-none-eabi/12.2.1/thumb/v8-m.main+fp/softfp/libgcc.a(_arm_addsubdf3.o)
                              CMakeFiles/pico_web_server.dir/home/pi/pico/pico-sdk/src/rp2_common/pico_float/float_math.c.o (__aeabi_f2d)
/usr/lib/gcc/arm-none-eabi/12.2.1/thumb/v8-m.main+fp/softfp/libgcc.a(_aeabi_ldivmod.o)
                              CMakeFiles/pico_web_server.dir/home/pi/pico/pico-sdk/src/common/pico_time/time.c.o (__aeabi_ldivmod)
/usr/lib/gcc/arm-none-eabi/12.2.1/thumb/v8-m.main+fp/softfp/libgcc.a(_aeabi_uldivmod.o)
                              CMakeFiles/pico_web_server.dir/home/pi/pico/pico-sdk/src/rp2_common/hardware_clocks/clocks.c.o (__aeabi_uldivmod)
/usr/lib/gcc/arm-none-eabi/12.2.1/thumb/v8-m.main+fp/softfp/libgcc.a(_udivmoddi4.o)
                              /usr/lib/gcc/arm-none-eabi/12.2.1/thumb/v8-m.main+fp/softfp/libgcc.a(_aeabi_ldivmod.o) (__udivmoddi4)
/usr/lib/gcc/arm-none-eabi/12.2.1/thumb/v8-m.main+fp/softfp/libgcc.a(_dvmd_tls.o)
                              /usr/lib/gcc/arm-none-eabi/12.2.1/thumb/v8-m.main+fp/softfp/libgcc.a(_aeabi_ldivmod.o) (__aeabi_ldiv0)
/usr/lib/gcc/arm-none-eabi/12.2.1/../../../arm-none-eabi/lib/thumb/v8-m.main+fp/softfp/libg.a(lib_a-atexit.o)
                              /usr/lib/gcc/arm-none-eabi/12.2.1/../../../arm-none-eabi/lib/thumb/v8-m.main+fp/softfp/crt0.o (atexit)
/usr/lib/gcc/arm-none-eabi/12.2.1/../../../arm-none-eabi/lib/thumb/v8-m.main+fp/softfp/libg.a(lib_a-atoi.o)
                              CMakeFiles/pico_web_server.dir/home/pi/pico/pico-sdk/lib/lwip/src/core/netif.c.o (atoi)
/usr/lib/gcc/arm-none-eabi/12.2.1/../../../arm-none-eabi/lib/thumb/v8-m.main+fp/softfp/libg.a(lib_a-calloc.o)
                              CMakeFiles/pico_web_server.dir/home/pi/pico/pico-sdk/src/rp2_common/pico_malloc/malloc.c.o (calloc)
/usr/lib/gcc/arm-none-eabi/12.2.1/../../../arm-none-eabi/lib/thumb/v8-m.main+fp/softfp/libg.a(lib_a-callocr.o)
                              /usr/lib/gcc/arm-none-eabi/12.2.1/../../../arm-none-eabi/lib/thumb/v8-m.main+fp/softfp/libg.a(lib_a-calloc.o) (_calloc_r)
/usr/lib/gcc/arm-none-eabi/12.2.1/../../../arm-none-eabi/lib/thumb/v8-m.main+fp/softfp/libg.a(lib_a-ctype_.o)
                              CMakeFiles/pico_web_server.dir/home/pi/pico/pico-sdk/lib/lwip/src/core/dns.c.o (_ctype_)
/usr/lib/gcc/arm-none-eabi/12.2.1/../../../arm-none-eabi/lib/thumb/v8-m.main+fp/softfp/libg.a(lib_a-errno.o)
                              /usr/lib/gcc/arm-none-eabi/12.2.1/../../../arm-none-eabi/lib/thumb/v8-m.main+fp/softfp/libm.a(lib_a-wf_sqrt.o) (__errno)
/usr/lib/gcc/arm-none-eabi/12.2.1/../../../arm-none-eabi/lib/thumb/v8-m.main+fp/softfp/libg.a(lib_a-fini.o)
                              /usr/lib/gcc/arm-none-eabi/12.2.1/../../../arm-none-eabi/lib/thumb/v8-m.main+fp/softfp/crt0.o (__libc_fini_array)
/usr/lib/gcc/arm-none-eabi/12.2.1/../../../arm-none-eabi/lib/thumb/v8-m.main+fp/softfp/libg.a(lib_a-impure.o)
                              /usr/lib/gcc/arm-none-eabi/12.2.1/../../../arm-none-eabi/lib/thumb/v8-m.main+fp/softfp/libg.a(lib_a-calloc.o) (_impure_ptr)
/usr/lib/gcc/arm-none-eabi/12.2.1/../../../arm-none-eabi/lib/thumb/v8-m.main+fp/softfp/libg.a(lib_a-init.o)
                              /usr/lib/gcc/arm-none-eabi/12.2.1/../../../arm-none-eabi/lib/thumb/v8-m.main+fp/softfp/crt0.o (__libc_init_array)
/usr/lib/gcc/arm-none-eabi/12.2.1/../../../arm-none-eabi/lib/thumb/v8-m.main+fp/softfp/libg.a(lib_a-lcltime_r.o)
                              CMakeFiles/pico_web_server.dir/home/pi/pico/pico-sdk/src/common/pico_util/datetime.c.o (localtime_r)
/usr/lib/gcc/arm-none-eabi/12.2.1/../../../arm-none-eabi/lib/thumb/v8-m.main+fp/softfp/libg.a(lib_a-malloc.o)
                              CMakeFiles/pico_web_server.dir/home/pi/pico/pico-sdk/src/rp2_common/pico_malloc/malloc.c.o (malloc)
/usr/lib/gcc/arm-none-eabi/12.2.1/../../../arm-none-eabi/lib/thumb/v8-m.main+fp/softfp/libg.a(lib_a-mallocr.o)
                              /usr/lib/gcc/arm-none-eabi/12.2.1/../../../arm-none-eabi/lib/thumb/v8-m.main+fp/softfp/libg.a(lib_a-callocr.o) (_malloc_r)
[...]
Memory Configuration

Name             Origin             Length             Attributes
FLASH            0x10000000         0x00400000         xr
RAM              0x20000000         0x00080000         xrw
SCRATCH_X        0x20080000         0x00001000         xrw
SCRATCH_Y        0x20081000         0x00001000         xrw
*default*        0x00000000         0xffffffff

Linker script and memory map

LOAD /usr/lib/gcc/arm-none-eabi/12.2.1/thumb/v8-m.main+fp/softfp/crti.o
LOAD /usr/lib/gcc/arm-none-eabi/12.2.1/thumb/v8-m.main+fp/softfp/crtbegin.o
LOAD /usr/lib/gcc/arm-none-eabi/12.2.1/../../../arm-none-eabi/lib/thumb/v8-m.main+fp/softfp/crt0.o

.flash_begin    0x10000000        0x0
                0x10000000                        __flash_binary_start = .

.text           0x10000000    0x163f8
                0x10000000                        __logical_binary_start = .
 *(.vectors)
 .vectors       0x10000000      0x124 CMakeFiles/pico_web_server.dir/home/pi/pico/pico-sdk/src/rp2_common/pico_crt0/crt0.S.o
                0x10000000                __vectors
                0x10000000                __VECTOR_TABLE
                0x10000110                isr_securefault
                0x10000110                isr_irq30
                0x10000110                __unhandled_user_irq
                0x10000110                isr_irq49
                0x10000110                isr_irq13
                0x10000110                isr_irq43
                0x10000110                isr_irq45
                0x10000110                isr_irq27
                0x10000110                isr_irq32
                0x10000110                isr_irq31
                0x10000110                isr_irq5
                0x10000110                isr_irq11
                0x10000110                isr_irq23
                0x10000110                isr_usagefault
                0x10000110                isr_irq48
                0x10000110                isr_irq35
                0x10000110                isr_irq18
                0x10000110                isr_irq50
                0x10000110                isr_irq40
                0x10000110                isr_irq28
                0x10000110                isr_irq19
                0x10000110                isr_irq36
                0x10000110                isr_irq41
                0x10000110                isr_irq0
                0x10000110                isr_irq6
                0x10000110                isr_memmanage
                0x10000110                isr_irq37
                0x10000110                isr_irq42
                0x10000110                isr_irq22
                0x10000110                isr_irq17
                0x10000110                isr_irq38
                0x10000110                isr_irq14
                0x10000110                __vectors_end
                0x10000110                __default_isrs_start
                0x10000110                isr_irq2
                0x10000110                isr_irq10
                0x10000110                isr_irq8
                0x10000110                isr_debugmonitor
                0x10000110                isr_irq24
                0x10000110                isr_irq46
                0x10000110                isr_irq1
                0x10000110                isr_irq47
                0x10000110                isr_irq51
                0x10000110                isr_irq7
                0x10000110                isr_irq21
                0x10000110                isr_irq39
                0x10000110                isr_irq20
                0x10000110                isr_irq15
                0x10000110                isr_irq25
                0x10000110                isr_irq34
                0x10000110                isr_irq4
                0x10000110                isr_busfault
                0x10000110                isr_irq16
                0x10000110                isr_irq44
                0x10000110                isr_irq29
                0x10000110                isr_irq26
                0x10000110                isr_irq33
                0x10000110                isr_irq3
                0x10000110                isr_irq12
                0x10000110                isr_irq9
                0x10000116                unhandled_user_irq_num_in_r0
                0x10000118                isr_invalid
                0x1000011a                isr_nmi
                0x1000011c                isr_hardfault
                0x1000011e                isr_svcall
                0x10000120                isr_pendsv
                0x10000122                isr_systick
                0x10000124                __default_isrs_end
 *(.binary_info_header)
 .binary_info_header
                0x10000124       0x14 CMakeFiles/pico_web_server.dir/home/pi/pico/pico-sdk/src/rp2_common/pico_crt0/crt0.S.o
                0x10000138                        __binary_info_header_end = .
 *(.embedded_block)
 .embedded_block
                0x10000138       0x14 CMakeFiles/pico_web_server.dir/home/pi/pico/pico-sdk/src/rp2_common/pico_crt0/crt0.S.o
                0x1000014c                        __embedded_block_end = .
 *(.reset)
 .reset         0x1000014c       0x98 CMakeFiles/pico_web_server.dir/home/pi/pico/pico-sdk/src/rp2_common/pico_crt0/crt0.S.o
                0x1000014c                _entry_point
 *(.init)
 .init          0x100001e4        0x4 /usr/lib/gcc/arm-none-eabi/12.2.1/thumb/v8-m.main+fp/softfp/crti.o
                0x100001e4                _init
 *libgcc.a:cmse_nonsecure_call.o()
 *(EXCLUDE_FILE(*libm.a: *libc.a:*lib_a-mem*.o *libgcc.a:) .text*)
 .text          0x100001e8       0x8c /usr/lib/gcc/arm-none-eabi/12.2.1/thumb/v8-m.main+fp/softfp/crtbegin.o
 .text._Z13blink_patterni
                0x10000274       0x38 CMakeFiles/pico_web_server.dir/main.cpp.o
                0x10000274                blink_pattern(int)
 .text._Z11blink_errorv
                0x100002ac       0x20 CMakeFiles/pico_web_server.dir/main.cpp.o
                0x100002ac                blink_error()
 .text._Z15blink_heartbeatv
                0x100002cc       0x24 CMakeFiles/pico_web_server.dir/main.cpp.o
                0x100002cc                blink_heartbeat()
 .text.startup.main
                0x100002f0       0x50 CMakeFiles/pico_web_server.dir/main.cpp.o
                0x100002f0                main
 .text.gpio_set_function
                0x10000340       0x3c CMakeFiles/pico_web_server.dir/home/pi/pico/pico-sdk/src/rp2_common/hardware_gpio/gpio.c.o
                0x10000340                gpio_set_function
 .text.gpio_set_pulls
                0x1000037c       0x28 CMakeFiles/pico_web_server.dir/home/pi/pico/pico-sdk/src/rp2_common/hardware_gpio/gpio.c.o
                0x1000037c                gpio_set_pulls
 .text.gpio_set_input_hysteresis_enabled
                0x100003a4       0x20 CMakeFiles/pico_web_server.dir/home/pi/pico/pico-sdk/src/rp2_common/hardware_gpio/gpio.c.o
                0x100003a4                gpio_set_input_hysteresis_enabled
 .text.gpio_set_irq_enabled
                0x100003c4       0x50 CMakeFiles/pico_web_server.dir/home/pi/pico/pico-sdk/src/rp2_common/hardware_gpio/gpio.c.o
                0x100003c4                gpio_set_irq_enabled
 .text.gpio_add_raw_irq_handler_with_order_priority_masked
                0x10000414       0x44 CMakeFiles/pico_web_server.dir/home/pi/pico/pico-sdk/src/rp2_common/hardware_gpio/gpio.c.o
                0x10000414                gpio_add_raw_irq_handler_with_order_priority_masked
 .text.gpio_remove_raw_irq_handler_masked
                0x10000458       0x24 CMakeFiles/pico_web_server.dir/home/pi/pico/pico-sdk/src/rp2_common/hardware_gpio/gpio.c.o
                0x10000458                gpio_remove_raw_irq_handler_masked
 .text.gpio_init
                0x1000047c       0x48 CMakeFiles/pico_web_server.dir/home/pi/pico/pico-sdk/src/rp2_common/hardware_gpio/gpio.c.o
                0x1000047c                gpio_init
 .text.panic    0x100004c4       0x30 CMakeFiles/pico_web_server.dir/home/pi/pico/pico-sdk/src/rp2_common/pico_platform_panic/panic.c.o
                0x100004c4                panic
 .text.hw_claim_lock
                0x100004f4       0x24 CMakeFiles/pico_web_server.dir/home/pi/pico/pico-sdk/src/common/hardware_claim/claim.c.o
                0x100004f4                hw_claim_lock
 .text.hw_claim_unlock
                0x10000518       0x14 CMakeFiles/pico_web_server.dir/home/pi/pico/pico-sdk/src/common/hardware_claim/claim.c.o
                0x10000518                hw_claim_unlock
 .text.hw_claim_or_assert
                0x1000052c       0x58 CMakeFiles/pico_web_server.dir/home/pi/pico/pico-sdk/src/common/hardware_claim/claim.c.o
                0x1000052c                hw_claim_or_assert
 .text.hw_claim_unused_from_range
                0x10000584       0x9c CMakeFiles/pico_web_server.dir/home/pi/pico/pico-sdk/src/common/hardware_claim/claim.c.o
                0x10000584                hw_claim_unused_from_range
 .text.hw_claim_clear
                0x10000620       0x50 CMakeFiles/pico_web_server.dir/home/pi/pico/pico-sdk/src/common/hardware_claim/claim.c.o
                0x10000620                hw_claim_clear
 .text.next_striped_spin_lock_num
                0x10000670       0x18 CMakeFiles/pico_web_server.dir/home/pi/pico/pico-sdk/src/rp2_common/hardware_sync/sync.c.o
                0x10000670                next_striped_spin_lock_num
 .text.spin_lock_claim_unused
                0x10000688       0x20 CMakeFiles/pico_web_server.dir/home/pi/pico/pico-sdk/src/rp2_common/hardware_sync/sync.c.o
                0x10000688                spin_lock_claim_unused
 .text.spinlock_set_extexclall
                0x100006a8       0x10 CMakeFiles/pico_web_server.dir/home/pi/pico/pico-sdk/src/rp2_common/hardware_sync_spin_lock/sync_spin_lock.c.o
 .text.spin_locks_reset
                0x100006b8       0x18 CMakeFiles/pico_web_server.dir/home/pi/pico/pico-sdk/src/rp2_common/hardware_sync_spin_lock/sync_spin_lock.c.o
                0x100006b8                spin_locks_reset
 .text.runtime_init_per_core_irq_priorities
                0x100006d0       0x40 CMakeFiles/pico_web_server.dir/home/pi/pico/pico-sdk/src/rp2_common/hardware_irq/irq.c.o
                0x100006d0                runtime_init_per_core_irq_priorities
 .text.irq_set_enabled
                0x10000710       0x2c CMakeFiles/pico_web_server.dir/home/pi/pico/pico-sdk/src/rp2_common/hardware_irq/irq.c.o
                0x10000710                irq_set_enabled
 .text.irq_is_enabled
                0x1000073c       0x20 CMakeFiles/pico_web_server.dir/home/pi/pico/pico-sdk/src/rp2_common/hardware_irq/irq.c.o
                0x1000073c                irq_is_enabled
 .text.irq_set_pending
                0x1000075c       0x18 CMakeFiles/pico_web_server.dir/home/pi/pico/pico-sdk/src/rp2_common/hardware_irq/irq.c.o
                0x1000075c                irq_set_pending
 .text.irq_has_shared_handler
                0x10000774       0x20 CMakeFiles/pico_web_server.dir/home/pi/pico/pico-sdk/src/rp2_common/hardware_irq/irq.c.o
                0x10000774                irq_has_shared_handler
 .text.irq_set_exclusive_handler
                0x10000794       0x60 CMakeFiles/pico_web_server.dir/home/pi/pico/pico-sdk/src/rp2_common/hardware_irq/irq.c.o
                0x10000794                irq_set_exclusive_handler
 .text.irq_add_shared_handler
                0x100007f4      0x204 CMakeFiles/pico_web_server.dir/home/pi/pico/pico-sdk/src/rp2_common/hardware_irq/irq.c.o
                0x100007f4                irq_add_shared_handler
 .text.irq_remove_handler
                0x100009f8      0x1fc CMakeFiles/pico_web_server.dir/home/pi/pico/pico-sdk/src/rp2_common/hardware_irq/irq.c.o
                0x100009f8                irq_remove_handler
 .text.irq_set_priority
                0x10000bf4       0x28 CMakeFiles/pico_web_server.dir/home/pi/pico/pico-sdk/src/rp2_common/hardware_irq/irq.c.o
                0x10000bf4                irq_set_priority
 .text.irq_add_tail_to_free_list
                0x10000c1c       0xbc CMakeFiles/pico_web_server.dir/home/pi/pico/pico-sdk/src/rp2_common/hardware_irq/irq.c.o
                0x10000c1c                irq_add_tail_to_free_list
 .text.user_irq_unclaim
                0x10000cd8       0x10 CMakeFiles/pico_web_server.dir/home/pi/pico/pico-sdk/src/rp2_common/hardware_irq/irq.c.o
                0x10000cd8                user_irq_unclaim
 .text.user_irq_claim_unused
                0x10000ce8       0x28 CMakeFiles/pico_web_server.dir/home/pi/pico/pico-sdk/src/rp2_common/hardware_irq/irq.c.o
                0x10000ce8                user_irq_claim_unused
 .text.sem_init
                0x10000d10       0x20 CMakeFiles/pico_web_server.dir/home/pi/pico/pico-sdk/src/common/pico_sync/sem.c.o
                0x10000d10                sem_init
 .text.lock_init
                0x10000d30        0xc CMakeFiles/pico_web_server.dir/home/pi/pico/pico-sdk/src/common/pico_sync/lock_core.c.o
                0x10000d30                lock_init
 .text.runtime_init_mutex
                0x10000d3c       0x54 CMakeFiles/pico_web_server.dir/home/pi/pico/pico-sdk/src/common/pico_sync/mutex.c.o
                0x10000d3c                runtime_init_mutex
 .text.mutex_init
                0x10000d90       0x1c CMakeFiles/pico_web_server.dir/home/pi/pico/pico-sdk/src/common/pico_sync/mutex.c.o
                0x10000d90                mutex_init
 .text.recursive_mutex_init
                0x10000dac       0x1c CMakeFiles/pico_web_server.dir/home/pi/pico/pico-sdk/src/common/pico_sync/mutex.c.o
                0x10000dac                recursive_mutex_init
 .text.critical_section_init
                0x10000dc8       0x1c CMakeFiles/pico_web_server.dir/home/pi/pico/pico-sdk/src/common/pico_sync/critical_section.c.o
                0x10000dc8                critical_section_init
 .text.critical_section_init_with_lock_num
                0x10000de4       0x10 CMakeFiles/pico_web_server.dir/home/pi/pico/pico-sdk/src/common/pico_sync/critical_section.c.o
                0x10000de4                critical_section_init_with_lock_num
 .text.sleep_until_callback
                0x10000df4       0x3c CMakeFiles/pico_web_server.dir/home/pi/pico/pico-sdk/src/common/pico_time/time.c.o
 .text.alarm_pool_irq_handler
                0x10000e30      0x2e8 CMakeFiles/pico_web_server.dir/home/pi/pico/pico-sdk/src/common/pico_time/time.c.o
 .text.runtime_init_default_alarm_pool
                0x10001118      0x100 CMakeFiles/pico_web_server.dir/home/pi/pico/pico-sdk/src/common/pico_time/time.c.o
                0x10001118                runtime_init_default_alarm_pool
 .text.alarm_pool_get_default
                0x10001218        0x8 CMakeFiles/pico_web_server.dir/home/pi/pico/pico-sdk/src/common/pico_time/time.c.o
                0x10001218                alarm_pool_get_default
 .text.alarm_pool_add_alarm_at
                0x10001220       0xdc CMakeFiles/pico_web_server.dir/home/pi/pico/pico-sdk/src/common/pico_time/time.c.o
                0x10001220                alarm_pool_add_alarm_at
 .text.alarm_pool_add_alarm_at_force_in_context
                0x100012fc       0xc8 CMakeFiles/pico_web_server.dir/home/pi/pico/pico-sdk/src/common/pico_time/time.c.o
                0x100012fc                alarm_pool_add_alarm_at_force_in_context
 .text.alarm_pool_cancel_alarm
                0x100013c4       0x80 CMakeFiles/pico_web_server.dir/home/pi/pico/pico-sdk/src/common/pico_time/time.c.o
                0x100013c4                alarm_pool_cancel_alarm
 .text.alarm_pool_core_num
                0x10001444        0x4 CMakeFiles/pico_web_server.dir/home/pi/pico/pico-sdk/src/common/pico_time/time.c.o
                0x10001444                alarm_pool_core_num
 .text.sleep_until
                0x10001448       0xbc CMakeFiles/pico_web_server.dir/home/pi/pico/pico-sdk/src/common/pico_time/time.c.o
                0x10001448                sleep_until
 .text.sleep_ms
                0x10001504       0x2c CMakeFiles/pico_web_server.dir/home/pi/pico/pico-sdk/src/common/pico_time/time.c.o
                0x10001504                sleep_ms
 .text.best_effort_wfe_or_timeout
                0x10001530       0xdc CMakeFiles/pico_web_server.dir/home/pi/pico/pico-sdk/src/common/pico_time/time.c.o
                0x10001530                best_effort_wfe_or_timeout
 .text.timer_hardware_alarm_claim
                0x1000160c       0x24 CMakeFiles/pico_web_server.dir/home/pi/pico/pico-sdk/src/rp2_common/hardware_timer/timer.c.o
                0x1000160c                timer_hardware_alarm_claim
 .text.timer_time_us_64
                0x10001630       0x10 CMakeFiles/pico_web_server.dir/home/pi/pico/pico-sdk/src/rp2_common/hardware_timer/timer.c.o
                0x10001630                timer_time_us_64
 .text.time_us_64
                0x10001640       0x14 CMakeFiles/pico_web_server.dir/home/pi/pico/pico-sdk/src/rp2_common/hardware_timer/timer.c.o
                0x10001640                time_us_64
 .text.busy_wait_until
                0x10001654       0x24 CMakeFiles/pico_web_server.dir/home/pi/pico/pico-sdk/src/rp2_common/hardware_timer/timer.c.o
                0x10001654                busy_wait_until
 .text.clock_configure_undivided
                0x10001678       0xd0 CMakeFiles/pico_web_server.dir/home/pi/pico/pico-sdk/src/rp2_common/hardware_clocks/clocks.c.o
                0x10001678                clock_configure_undivided
 .text.clock_get_hz
                0x10001748        0xc CMakeFiles/pico_web_server.dir/home/pi/pico/pico-sdk/src/rp2_common/hardware_clocks/clocks.c.o
                0x10001748                clock_get_hz
 .text.pll_init
                0x10001754       0x8c CMakeFiles/pico_web_server.dir/home/pi/pico/pico-sdk/src/rp2_common/hardware_pll/pll.c.o
                0x10001754                pll_init
 .text.watchdog_reboot
                0x100017e0       0x98 CMakeFiles/pico_web_server.dir/home/pi/pico/pico-sdk/src/rp2_common/hardware_watchdog/watchdog.c.o
                0x100017e0                watchdog_reboot
 .text.tick_start
                0x10001878       0x18 CMakeFiles/pico_web_server.dir/home/pi/pico/pico-sdk/src/rp2_common/hardware_ticks/ticks.c.o
                0x10001878                tick_start
 .text.rom_reboot.constprop.0.isra.0
                0x10001890       0x34 CMakeFiles/pico_web_server.dir/home/pi/pico/pico-sdk/src/rp2_common/pico_bootrom/bootrom.c.o
 .text.rom_func_lookup
                0x100018c4       0x18 CMakeFiles/pico_web_server.dir/home/pi/pico/pico-sdk/src/rp2_common/pico_bootrom/bootrom.c.o
                0x100018c4                rom_func_lookup
 .text.rom_reset_usb_boot_extra
                0x100018dc       0x1c CMakeFiles/pico_web_server.dir/home/pi/pico/pico-sdk/src/rp2_common/pico_bootrom/bootrom.c.o
                0x100018dc                rom_reset_usb_boot_extra
 .text.rom_get_boot_random
                0x100018f8       0x48 CMakeFiles/pico_web_server.dir/home/pi/pico/pico-sdk/src/rp2_common/pico_bootrom/bootrom.c.o
                0x100018f8                rom_get_boot_random
 .text.runtime_init_bootrom_locking_enable
                0x10001940       0x14 CMakeFiles/pico_web_server.dir/home/pi/pico/pico-sdk/src/rp2_common/pico_bootrom/bootrom_lock.c.o
                0x10001940                runtime_init_bootrom_locking_enable
 .text.runtime_init_boot_locks_reset
                0x10001954       0x1c CMakeFiles/pico_web_server.dir/home/pi/pico/pico-sdk/src/rp2_common/hardware_boot_lock/boot_lock.c.o
                0x10001954                runtime_init_boot_locks_reset
 .text.xosc_init
                0x10001970       0x30 CMakeFiles/pico_web_server.dir/home/pi/pico/pico-sdk/src/rp2_common/hardware_xosc/xosc.c.o
                0x10001970                xosc_init
 .text.first_per_core_initializer
                0x100019a0        0x4 CMakeFiles/pico_web_server.dir/home/pi/pico/pico-sdk/src/rp2_common/pico_runtime/runtime.c.o
 .text.hard_assertion_failure
                0x100019a4        0xc CMakeFiles/pico_web_server.dir/home/pi/pico/pico-sdk/src/rp2_common/pico_runtime/runtime.c.o
                0x100019a4                hard_assertion_failure
 .text.runtime_run_initializers
                0x100019b0       0x20 CMakeFiles/pico_web_server.dir/home/pi/pico/pico-sdk/src/rp2_common/pico_runtime/runtime.c.o
                0x100019b0                runtime_run_initializers
 .text.runtime_init_early_resets
                0x100019d0       0x34 CMakeFiles/pico_web_server.dir/home/pi/pico/pico-sdk/src/rp2_common/pico_runtime_init/runtime_init.c.o
                0x100019d0                runtime_init_early_resets
 .text.runtime_init_usb_power_down
                0x10001a04       0x1c CMakeFiles/pico_web_server.dir/home/pi/pico/pico-sdk/src/rp2_common/pico_runtime_init/runtime_init.c.o
                0x10001a04                runtime_init_usb_power_down
 .text.runtime_init_per_core_enable_coprocessors
                0x10001a20       0x1c CMakeFiles/pico_web_server.dir/home/pi/pico/pico-sdk/src/rp2_common/pico_runtime_init/runtime_init.c.o
                0x10001a20                runtime_init_per_core_enable_coprocessors
 .text.runtime_init_post_clock_resets
                0x10001a3c       0x20 CMakeFiles/pico_web_server.dir/home/pi/pico/pico-sdk/src/rp2_common/pico_runtime_init/runtime_init.c.o
                0x10001a3c                runtime_init_post_clock_resets
 .text.runtime_init_bootrom_reset
                0x10001a5c       0x14 CMakeFiles/pico_web_server.dir/home/pi/pico/pico-sdk/src/rp2_common/pico_runtime_init/runtime_init.c.o
                0x10001a5c                runtime_init_bootrom_reset
 .text.runtime_init_per_core_bootrom_reset
                0x10001a70       0x14 CMakeFiles/pico_web_server.dir/home/pi/pico/pico-sdk/src/rp2_common/pico_runtime_init/runtime_init.c.o
                0x10001a70                runtime_init_per_core_bootrom_reset
 .text.runtime_init_spin_locks_reset
                0x10001a84        0x4 CMakeFiles/pico_web_server.dir/home/pi/pico/pico-sdk/src/rp2_common/pico_runtime_init/runtime_init.c.o
                0x10001a84                runtime_init_spin_locks_reset
 .text.runtime_init_install_ram_vector_table
                0x10001a88       0x74 CMakeFiles/pico_web_server.dir/home/pi/pico/pico-sdk/src/rp2_common/pico_runtime_init/runtime_init.c.o
                0x10001a88                runtime_init_install_ram_vector_table
 .text.runtime_init_clocks
                0x10001afc       0xdc CMakeFiles/pico_web_server.dir/home/pi/pico/pico-sdk/src/rp2_common/pico_runtime_init/runtime_init_clocks.c.o
                0x10001afc                runtime_init_clocks
 .text.__rp2350_dcp_engaged_state_save_restore
                0x10001bd8       0x3a CMakeFiles/pico_web_server.dir/home/pi/pico/pico-sdk/src/rp2_common/pico_double/double_aeabi_dcp.S.o
 *fill*         0x10001c12        0x2 
 .text.__wrap___aeabi_dadd
                0x10001c14       0x28 CMakeFiles/pico_web_server.dir/home/pi/pico/pico-sdk/src/rp2_common/pico_double/double_aeabi_dcp.S.o
                0x10001c1c                __wrap___aeabi_dadd
 .text.__wrap___aeabi_dsub
                0x10001c3c       0x28 CMakeFiles/pico_web_server.dir/home/pi/pico/pico-sdk/src/rp2_common/pico_double/double_aeabi_dcp.S.o
                0x10001c44                __wrap___aeabi_dsub
 .text.__wrap___aeabi_dmul
                0x10001c64       0x4c CMakeFiles/pico_web_server.dir/home/pi/pico/pico-sdk/src/rp2_common/pico_double/double_aeabi_dcp.S.o
                0x10001c6c                __wrap___aeabi_dmul
 .text.__wrap___aeabi_ddiv
                0x10001cb0       0x9c CMakeFiles/pico_web_server.dir/home/pi/pico/pico-sdk/src/rp2_common/pico_double/double_aeabi_dcp.S.o
                0x10001cb8                __wrap___aeabi_ddiv
 .text.__wrap___aeabi_i2d
                0x10001d4c       0x24 CMakeFiles/pico_web_server.dir/home/pi/pico/pico-sdk/src/rp2_common/pico_double/double_aeabi_dcp.S.o
                0x10001d54                __wrap___aeabi_i2d
                0x10001d54                int2double
 .text.__wrap___aeabi_ui2d
                0x10001d70       0x24 CMakeFiles/pico_web_server.dir/home/pi/pico/pico-sdk/src/rp2_common/pico_double/double_aeabi_dcp.S.o
                0x10001d78                __wrap___aeabi_ui2d
                0x10001d78                uint2double
 .text.__wrap___aeabi_d2iz
                0x10001d94       0x24 CMakeFiles/pico_web_server.dir/home/pi/pico/pico-sdk/src/rp2_common/pico_double/double_aeabi_dcp.S.o
                0x10001d9c                __wrap___aeabi_d2iz
                0x10001d9c                double2int_z
 .text.__wrap___aeabi_d2uiz
                0x10001db8       0x24 CMakeFiles/pico_web_server.dir/home/pi/pico/pico-sdk/src/rp2_common/pico_double/double_aeabi_dcp.S.o
                0x10001dc0                double2uint_z
                0x10001dc0                double2uint
                0x10001dc0                __wrap___aeabi_d2uiz
 .text.__wrap___aeabi_dcmpun
                0x10001ddc       0x24 CMakeFiles/pico_web_server.dir/home/pi/pico/pico-sdk/src/rp2_common/pico_double/double_aeabi_dcp.S.o
                0x10001de4                __wrap___aeabi_dcmpun
 .text.__wrap___aeabi_dcmplt
                0x10001e00       0x28 CMakeFiles/pico_web_server.dir/home/pi/pico/pico-sdk/src/rp2_common/pico_double/double_aeabi_dcp.S.o
                0x10001e08                __wrap___aeabi_dcmplt
 .text.__wrap___aeabi_dcmpge
                0x10001e28       0x28 CMakeFiles/pico_web_server.dir/home/pi/pico/pico-sdk/src/rp2_common/pico_double/double_aeabi_dcp.S.o
                0x10001e30                __wrap___aeabi_dcmpge
 .text.__wrap___aeabi_dcmpgt
                0x10001e50       0x28 CMakeFiles/pico_web_server.dir/home/pi/pico/pico-sdk/src/rp2_common/pico_double/double_aeabi_dcp.S.o
                0x10001e58                __wrap___aeabi_dcmpgt
 .text._out_null
                0x10001e78        0x4 CMakeFiles/pico_web_server.dir/home/pi/pico/pico-sdk/src/rp2_common/pico_printf/printf.c.o
 .text._out_rev
                0x10001e7c       0x98 CMakeFiles/pico_web_server.dir/home/pi/pico/pico-sdk/src/rp2_common/pico_printf/printf.c.o
 .text._ntoa_format
                0x10001f14      0x294 CMakeFiles/pico_web_server.dir/home/pi/pico/pico-sdk/src/rp2_common/pico_printf/printf.c.o
 .text._out_char
                0x100021a8        0x8 CMakeFiles/pico_web_server.dir/home/pi/pico/pico-sdk/src/rp2_common/pico_printf/printf.c.o
 .text._out_fct
                0x100021b0        0xc CMakeFiles/pico_web_server.dir/home/pi/pico/pico-sdk/src/rp2_common/pico_printf/printf.c.o
 *fill*         0x100021bc        0x4 
 .text._etoa    0x100021c0      0x458 CMakeFiles/pico_web_server.dir/home/pi/pico/pico-sdk/src/rp2_common/pico_printf/printf.c.o
 .text._ftoa    0x10002618      0x3f8 CMakeFiles/pico_web_server.dir/home/pi/pico/pico-sdk/src/rp2_common/pico_printf/printf.c.o
 .text._vsnprintf
                0x10002a10      0x9e4 CMakeFiles/pico_web_server.dir/home/pi/pico/pico-sdk/src/rp2_common/pico_printf/printf.c.o
 .text.vfctprintf
                0x100033f4       0x28 CMakeFiles/pico_web_server.dir/home/pi/pico/pico-sdk/src/rp2_common/pico_printf/printf.c.o
                0x100033f4                vfctprintf
 .text.weak_raw_vprintf
                0x1000341c       0x30 CMakeFiles/pico_web_server.dir/home/pi/pico/pico-sdk/src/rp2_common/pico_printf/printf.c.o
                0x1000341c                weak_raw_vprintf
 .text._exit    0x1000344c        0x4 CMakeFiles/pico_web_server.dir/home/pi/pico/pico-sdk/src/rp2_common/pico_clib_interface/newlib_interface.c.o
                0x1000344c                _exit
 .text.exit     0x10003450        0x8 CMakeFiles/pico_web_server.dir/home/pi/pico/pico-sdk/src/rp2_common/pico_clib_interface/newlib_interface.c.o
                0x10003450                exit
 .text.runtime_init
                0x10003458       0x24 CMakeFiles/pico_web_server.dir/home/pi/pico/pico-sdk/src/rp2_common/pico_clib_interface/newlib_interface.c.o
                0x10003458                runtime_init
 .text.stdio_out_chars_no_crlf
                0x1000347c        0x8 CMakeFiles/pico_web_server.dir/home/pi/pico/pico-sdk/src/rp2_common/pico_stdio/stdio.c.o
 .text.stdio_out_chars_crlf
                0x10003484       0xb8 CMakeFiles/pico_web_server.dir/home/pi/pico/pico-sdk/src/rp2_common/pico_stdio/stdio.c.o
 .text.stdio_buffered_printer
                0x1000353c       0x60 CMakeFiles/pico_web_server.dir/home/pi/pico/pico-sdk/src/rp2_common/pico_stdio/stdio.c.o
 .text.stdio_put_string
                0x1000359c       0xf0 CMakeFiles/pico_web_server.dir/home/pi/pico/pico-sdk/src/rp2_common/pico_stdio/stdio.c.o
                0x1000359c                stdio_put_string
 .text.stdio_set_driver_enabled
                0x1000368c       0x28 CMakeFiles/pico_web_server.dir/home/pi/pico/pico-sdk/src/rp2_common/pico_stdio/stdio.c.o
                0x1000368c                stdio_set_driver_enabled
 .text.stdio_init_all
                0x100036b4        0x4 CMakeFiles/pico_web_server.dir/home/pi/pico/pico-sdk/src/rp2_common/pico_stdio/stdio.c.o
                0x100036b4                stdio_init_all
 .text.__wrap_putchar
                0x100036b8       0x84 CMakeFiles/pico_web_server.dir/home/pi/pico/pico-sdk/src/rp2_common/pico_stdio/stdio.c.o
                0x100036b8                stdio_putchar
                0x100036b8                __wrap_putchar
 .text.__wrap_puts
                0x1000373c       0x3c CMakeFiles/pico_web_server.dir/home/pi/pico/pico-sdk/src/rp2_common/pico_stdio/stdio.c.o
                0x1000373c                __wrap_puts
                0x1000373c                stdio_puts
 .text.__wrap_vprintf
                0x10003778       0xc8 CMakeFiles/pico_web_server.dir/home/pi/pico/pico-sdk/src/rp2_common/pico_stdio/stdio.c.o
                0x10003778                __wrap_vprintf
                0x10003778                stdio_vprintf
 .text.__wrap_printf
                0x10003840       0x1c CMakeFiles/pico_web_server.dir/home/pi/pico/pico-sdk/src/rp2_common/pico_stdio/stdio.c.o
                0x10003840                stdio_printf
                0x10003840                __wrap_printf
 .text.resetd_init
                0x1000385c        0x4 CMakeFiles/pico_web_server.dir/home/pi/pico/pico-sdk/src/rp2_common/pico_stdio_usb/reset_interface.c.o
 .text.resetd_reset
                0x10003860        0xc CMakeFiles/pico_web_server.dir/home/pi/pico/pico-sdk/src/rp2_common/pico_stdio_usb/reset_interface.c.o
 .text.resetd_open
                0x1000386c       0x28 CMakeFiles/pico_web_server.dir/home/pi/pico/pico-sdk/src/rp2_common/pico_stdio_usb/reset_interface.c.o
 .text.resetd_xfer_cb
                0x10003894        0x4 CMakeFiles/pico_web_server.dir/home/pi/pico/pico-sdk/src/rp2_common/pico_stdio_usb/reset_interface.c.o
 .text.resetd_control_xfer_cb
                0x10003898       0x50 CMakeFiles/pico_web_server.dir/home/pi/pico/pico-sdk/src/rp2_common/pico_stdio_usb/reset_interface.c.o
 .text.tud_descriptor_bos_cb
                0x100038e8        0x8 CMakeFiles/pico_web_server.dir/home/pi/pico/pico-sdk/src/rp2_common/pico_stdio_usb/reset_interface.c.o
                0x100038e8                tud_descriptor_bos_cb
 .text.tud_vendor_control_xfer_cb
                0x100038f0       0x28 CMakeFiles/pico_web_server.dir/home/pi/pico/pico-sdk/src/rp2_common/pico_stdio_usb/reset_interface.c.o
                0x100038f0                tud_vendor_control_xfer_cb
 .text.usbd_app_driver_get_cb
                0x10003918       0x10 CMakeFiles/pico_web_server.dir/home/pi/pico/pico-sdk/src/rp2_common/pico_stdio_usb/reset_interface.c.o
                0x10003918                usbd_app_driver_get_cb
 .text.tud_cdc_line_coding_cb
                0x10003928       0x18 CMakeFiles/pico_web_server.dir/home/pi/pico/pico-sdk/src/rp2_common/pico_stdio_usb/reset_interface.c.o
                0x10003928                tud_cdc_line_coding_cb
 .text.stdio_usb_set_chars_available_callback
                0x10003940       0x14 CMakeFiles/pico_web_server.dir/home/pi/pico/pico-sdk/src/rp2_common/pico_stdio_usb/stdio_usb.c.o
                0x10003940                stdio_usb_set_chars_available_callback
 .text.timer_task
                0x10003954       0x70 CMakeFiles/pico_web_server.dir/home/pi/pico/pico-sdk/src/rp2_common/pico_stdio_usb/stdio_usb.c.o
 .text.usb_irq  0x100039c4        0xc CMakeFiles/pico_web_server.dir/home/pi/pico/pico-sdk/src/rp2_common/pico_stdio_usb/stdio_usb.c.o
 .text.stdio_usb_in_chars
                0x100039d0       0x88 CMakeFiles/pico_web_server.dir/home/pi/pico/pico-sdk/src/rp2_common/pico_stdio_usb/stdio_usb.c.o
                0x100039d0                stdio_usb_in_chars
 .text.stdio_usb_out_flush
                0x10003a58       0x54 CMakeFiles/pico_web_server.dir/home/pi/pico/pico-sdk/src/rp2_common/pico_stdio_usb/stdio_usb.c.o
 .text.stdio_usb_out_chars
                0x10003aac       0xf8 CMakeFiles/pico_web_server.dir/home/pi/pico/pico-sdk/src/rp2_common/pico_stdio_usb/stdio_usb.c.o
 .text.low_priority_worker_irq
                0x10003ba4       0xd8 CMakeFiles/pico_web_server.dir/home/pi/pico/pico-sdk/src/rp2_common/pico_stdio_usb/stdio_usb.c.o
 .text.stdio_usb_init
                0x10003c7c       0xe8 CMakeFiles/pico_web_server.dir/home/pi/pico/pico-sdk/src/rp2_common/pico_stdio_usb/stdio_usb.c.o
                0x10003c7c                stdio_usb_init
 .text.tud_descriptor_device_cb
                0x10003d64        0x8 CMakeFiles/pico_web_server.dir/home/pi/pico/pico-sdk/src/rp2_common/pico_stdio_usb/stdio_usb_descriptors.c.o
                0x10003d64                tud_descriptor_device_cb
 .text.tud_descriptor_configuration_cb
                0x10003d6c        0x8 CMakeFiles/pico_web_server.dir/home/pi/pico/pico-sdk/src/rp2_common/pico_stdio_usb/stdio_usb_descriptors.c.o
                0x10003d6c                tud_descriptor_configuration_cb
 .text.tud_descriptor_string_cb
                0x10003d74       0x70 CMakeFiles/pico_web_server.dir/home/pi/pico/pico-sdk/src/rp2_common/pico_stdio_usb/stdio_usb_descriptors.c.o
                0x10003d74                tud_descriptor_string_cb
 .text.startup._retrieve_unique_id_on_boot
                0x10003de4       0x30 CMakeFiles/pico_web_server.dir/home/pi/pico/pico-sdk/src/rp2_common/pico_unique_id/unique_id.c.o
 .text.pico_get_unique_board_id
                0x10003e14       0x10 CMakeFiles/pico_web_server.dir/home/pi/pico/pico-sdk/src/rp2_common/pico_unique_id/unique_id.c.o
                0x10003e14                pico_get_unique_board_id
 .text.pico_get_unique_board_id_string
                0x10003e24      0x184 CMakeFiles/pico_web_server.dir/home/pi/pico/pico-sdk/src/rp2_common/pico_unique_id/unique_id.c.o
                0x10003e24                pico_get_unique_board_id_string
 .text.dcd_init
                0x10003fa8       0x94 CMakeFiles/pico_web_server.dir/home/pi/pico/pico-sdk/lib/tinyusb/src/portable/raspberrypi/rp2040/dcd_rp2040.c.o
                0x10003fa8                dcd_init
 .text.dcd_int_enable
                0x1000403c        0x8 CMakeFiles/pico_web_server.dir/home/pi/pico/pico-sdk/lib/tinyusb/src/portable/raspberrypi/rp2040/dcd_rp2040.c.o
                0x1000403c                dcd_int_enable
 .text.dcd_set_address
                0x10004044       0x10 CMakeFiles/pico_web_server.dir/home/pi/pico/pico-sdk/lib/tinyusb/src/portable/raspberrypi/rp2040/dcd_rp2040.c.o
                0x10004044                dcd_set_address
 .text.dcd_sof_enable
                0x10004054       0x1c CMakeFiles/pico_web_server.dir/home/pi/pico/pico-sdk/lib/tinyusb/src/portable/raspberrypi/rp2040/dcd_rp2040.c.o
                0x10004054                dcd_sof_enable
 .text.dcd_edpt0_status_complete
                0x10004070       0x1c CMakeFiles/pico_web_server.dir/home/pi/pico/pico-sdk/lib/tinyusb/src/portable/raspberrypi/rp2040/dcd_rp2040.c.o
                0x10004070                dcd_edpt0_status_complete
 .text.dcd_edpt_open
                0x1000408c      0x108 CMakeFiles/pico_web_server.dir/home/pi/pico/pico-sdk/lib/tinyusb/src/portable/raspberrypi/rp2040/dcd_rp2040.c.o
                0x1000408c                dcd_edpt_open
 .text.dcd_edpt_close_all
                0x10004194        0x4 CMakeFiles/pico_web_server.dir/home/pi/pico/pico-sdk/lib/tinyusb/src/portable/raspberrypi/rp2040/dcd_rp2040.c.o
                0x10004194                dcd_edpt_close_all
 .text.dcd_edpt_xfer
                0x10004198       0x28 CMakeFiles/pico_web_server.dir/home/pi/pico/pico-sdk/lib/tinyusb/src/portable/raspberrypi/rp2040/dcd_rp2040.c.o
                0x10004198                dcd_edpt_xfer
 .text.dcd_edpt_stall
                0x100041c0       0x30 CMakeFiles/pico_web_server.dir/home/pi/pico/pico-sdk/lib/tinyusb/src/portable/raspberrypi/rp2040/dcd_rp2040.c.o
                0x100041c0                dcd_edpt_stall
 .text.dcd_edpt_clear_stall
                0x100041f0       0x2c CMakeFiles/pico_web_server.dir/home/pi/pico/pico-sdk/lib/tinyusb/src/portable/raspberrypi/rp2040/dcd_rp2040.c.o
                0x100041f0                dcd_edpt_clear_stall
 .text.rp2040_usb_init
                0x1000421c       0x40 CMakeFiles/pico_web_server.dir/home/pi/pico/pico-sdk/lib/tinyusb/src/portable/raspberrypi/rp2040/rp2040_usb.c.o
                0x1000421c                rp2040_usb_init
 .text.hw_endpoint_xfer_start
                0x1000425c       0x40 CMakeFiles/pico_web_server.dir/home/pi/pico/pico-sdk/lib/tinyusb/src/portable/raspberrypi/rp2040/rp2040_usb.c.o
                0x1000425c                hw_endpoint_xfer_start
 .text.configuration_reset
                0x1000429c       0x8c CMakeFiles/pico_web_server.dir/home/pi/pico/pico-sdk/lib/tinyusb/src/device/usbd.c.o
 .text.tud_event_hook_cb
                0x10004328        0x4 CMakeFiles/pico_web_server.dir/home/pi/pico/pico-sdk/lib/tinyusb/src/device/usbd.c.o
                0x10004328                tud_event_hook_cb
 .text.tud_sof_cb
                0x1000432c        0x4 CMakeFiles/pico_web_server.dir/home/pi/pico/pico-sdk/lib/tinyusb/src/device/usbd.c.o
                0x1000432c                tud_sof_cb
 .text.tud_descriptor_device_qualifier_cb
                0x10004330        0x4 CMakeFiles/pico_web_server.dir/home/pi/pico/pico-sdk/lib/tinyusb/src/device/usbd.c.o
                0x10004330                tud_descriptor_device_qualifier_cb
 .text.tud_descriptor_other_speed_configuration_cb
                0x10004334        0x4 CMakeFiles/pico_web_server.dir/home/pi/pico/pico-sdk/lib/tinyusb/src/device/usbd.c.o
                0x10004334                tud_descriptor_other_speed_configuration_cb
 .text.tud_mount_cb
                0x10004338        0x4 CMakeFiles/pico_web_server.dir/home/pi/pico/pico-sdk/lib/tinyusb/src/device/usbd.c.o
                0x10004338                tud_mount_cb
 .text.tud_umount_cb
                0x1000433c        0x4 CMakeFiles/pico_web_server.dir/home/pi/pico/pico-sdk/lib/tinyusb/src/device/usbd.c.o
                0x1000433c                tud_umount_cb
 .text.tud_suspend_cb
                0x10004340        0x4 CMakeFiles/pico_web_server.dir/home/pi/pico/pico-sdk/lib/tinyusb/src/device/usbd.c.o
                0x10004340                tud_suspend_cb
 .text.tud_resume_cb
                0x10004344        0x4 CMakeFiles/pico_web_server.dir/home/pi/pico/pico-sdk/lib/tinyusb/src/device/usbd.c.o
                0x10004344                tud_resume_cb
 .text.tud_mounted
                0x10004348       0x10 CMakeFiles/pico_web_server.dir/home/pi/pico/pico-sdk/lib/tinyusb/src/device/usbd.c.o
                0x10004348                tud_mounted
 .text.tud_suspended
                0x10004358       0x10 CMakeFiles/pico_web_server.dir/home/pi/pico/pico-sdk/lib/tinyusb/src/device/usbd.c.o
                0x10004358                tud_suspended
 .text.tud_rhport_init
                0x10004368       0xf8 CMakeFiles/pico_web_server.dir/home/pi/pico/pico-sdk/lib/tinyusb/src/device/usbd.c.o
                0x10004368                tud_rhport_init
 .text.tud_task_ext
                0x10004460      0x7ac CMakeFiles/pico_web_server.dir/home/pi/pico/pico-sdk/lib/tinyusb/src/device/usbd.c.o
                0x10004460                tud_task_ext
 .text.usbd_open_edpt_pair
                0x10004c0c       0x9c CMakeFiles/pico_web_server.dir/home/pi/pico/pico-sdk/lib/tinyusb/src/device/usbd.c.o
                0x10004c0c                usbd_open_edpt_pair
 .text.usbd_edpt_open
                0x10004ca8       0x44 CMakeFiles/pico_web_server.dir/home/pi/pico/pico-sdk/lib/tinyusb/src/device/usbd.c.o
                0x10004ca8                usbd_edpt_open
 .text.usbd_edpt_claim
                0x10004cec       0x24 CMakeFiles/pico_web_server.dir/home/pi/pico/pico-sdk/lib/tinyusb/src/device/usbd.c.o
                0x10004cec                usbd_edpt_claim
 .text.usbd_edpt_release
                0x10004d10       0x24 CMakeFiles/pico_web_server.dir/home/pi/pico/pico-sdk/lib/tinyusb/src/device/usbd.c.o
                0x10004d10                usbd_edpt_release
 .text.usbd_edpt_xfer
                0x10004d34       0x70 CMakeFiles/pico_web_server.dir/home/pi/pico/pico-sdk/lib/tinyusb/src/device/usbd.c.o
                0x10004d34                usbd_edpt_xfer
 .text.tud_control_status
                0x10004da4       0x34 CMakeFiles/pico_web_server.dir/home/pi/pico/pico-sdk/lib/tinyusb/src/device/usbd_control.c.o
                0x10004da4                tud_control_status
 .text.tud_control_xfer
                0x10004dd8       0xac CMakeFiles/pico_web_server.dir/home/pi/pico/pico-sdk/lib/tinyusb/src/device/usbd_control.c.o
                0x10004dd8                tud_control_xfer
 .text.usbd_control_reset
                0x10004e84       0x14 CMakeFiles/pico_web_server.dir/home/pi/pico/pico-sdk/lib/tinyusb/src/device/usbd_control.c.o
                0x10004e84                usbd_control_reset
 .text.usbd_control_set_complete_callback
                0x10004e98        0xc CMakeFiles/pico_web_server.dir/home/pi/pico/pico-sdk/lib/tinyusb/src/device/usbd_control.c.o
                0x10004e98                usbd_control_set_complete_callback
 .text.usbd_control_set_request
                0x10004ea4       0x1c CMakeFiles/pico_web_server.dir/home/pi/pico/pico-sdk/lib/tinyusb/src/device/usbd_control.c.o
                0x10004ea4                usbd_control_set_request
 .text.usbd_control_xfer_cb
                0x10004ec0       0xfc CMakeFiles/pico_web_server.dir/home/pi/pico/pico-sdk/lib/tinyusb/src/device/usbd_control.c.o
                0x10004ec0                usbd_control_xfer_cb
 .text._prep_out_transaction.isra.0
                0x10004fbc       0x74 CMakeFiles/pico_web_server.dir/home/pi/pico/pico-sdk/lib/tinyusb/src/class/cdc/cdc_device.c.o
 .text.tud_cdc_n_connected
                0x10005030       0x2c CMakeFiles/pico_web_server.dir/home/pi/pico/pico-sdk/lib/tinyusb/src/class/cdc/cdc_device.c.o
                0x10005030                tud_cdc_n_connected
 .text.tud_cdc_n_available
                0x1000505c       0x18 CMakeFiles/pico_web_server.dir/home/pi/pico/pico-sdk/lib/tinyusb/src/class/cdc/cdc_device.c.o
                0x1000505c                tud_cdc_n_available
 .text.tud_cdc_n_read
                0x10005074       0x8c CMakeFiles/pico_web_server.dir/home/pi/pico/pico-sdk/lib/tinyusb/src/class/cdc/cdc_device.c.o
                0x10005074                tud_cdc_n_read
 .text.tud_cdc_n_write_flush
                0x10005100       0x8c CMakeFiles/pico_web_server.dir/home/pi/pico/pico-sdk/lib/tinyusb/src/class/cdc/cdc_device.c.o
                0x10005100                tud_cdc_n_write_flush
 .text.tud_cdc_n_write
                0x1000518c       0x44 CMakeFiles/pico_web_server.dir/home/pi/pico/pico-sdk/lib/tinyusb/src/class/cdc/cdc_device.c.o
                0x1000518c                tud_cdc_n_write
 .text.tud_cdc_n_write_available
                0x100051d0       0x18 CMakeFiles/pico_web_server.dir/home/pi/pico/pico-sdk/lib/tinyusb/src/class/cdc/cdc_device.c.o
                0x100051d0                tud_cdc_n_write_available
 .text.cdcd_init
                0x100051e8       0x70 CMakeFiles/pico_web_server.dir/home/pi/pico/pico-sdk/lib/tinyusb/src/class/cdc/cdc_device.c.o
                0x100051e8                cdcd_init
 .text.cdcd_deinit
                0x10005258       0x2c CMakeFiles/pico_web_server.dir/home/pi/pico/pico-sdk/lib/tinyusb/src/class/cdc/cdc_device.c.o
                0x10005258                cdcd_deinit
 .text.cdcd_reset
                0x10005284       0x4c CMakeFiles/pico_web_server.dir/home/pi/pico/pico-sdk/lib/tinyusb/src/class/cdc/cdc_device.c.o
                0x10005284                cdcd_reset
 .text.cdcd_open
                0x100052d0       0xbc CMakeFiles/pico_web_server.dir/home/pi/pico/pico-sdk/lib/tinyusb/src/class/cdc/cdc_device.c.o
                0x100052d0                cdcd_open
 .text.cdcd_control_xfer_cb
                0x1000538c       0xc0 CMakeFiles/pico_web_server.dir/home/pi/pico/pico-sdk/lib/tinyusb/src/class/cdc/cdc_device.c.o
                0x1000538c                cdcd_control_xfer_cb
 .text.cdcd_xfer_cb
                0x1000544c       0xfc CMakeFiles/pico_web_server.dir/home/pi/pico/pico-sdk/lib/tinyusb/src/class/cdc/cdc_device.c.o
                0x1000544c                cdcd_xfer_cb
 .text.vendord_init
                0x10005548       0x5c CMakeFiles/pico_web_server.dir/home/pi/pico/pico-sdk/lib/tinyusb/src/class/vendor/vendor_device.c.o
                0x10005548                vendord_init
 .text.vendord_deinit
                0x100055a4       0x1c CMakeFiles/pico_web_server.dir/home/pi/pico/pico-sdk/lib/tinyusb/src/class/vendor/vendor_device.c.o
                0x100055a4                vendord_deinit
 .text.vendord_reset
                0x100055c0       0x24 CMakeFiles/pico_web_server.dir/home/pi/pico/pico-sdk/lib/tinyusb/src/class/vendor/vendor_device.c.o
                0x100055c0                vendord_reset
 .text.vendord_open
                0x100055e4      0x100 CMakeFiles/pico_web_server.dir/home/pi/pico/pico-sdk/lib/tinyusb/src/class/vendor/vendor_device.c.o
                0x100055e4                vendord_open
 .text.vendord_xfer_cb
                0x100056e4       0x88 CMakeFiles/pico_web_server.dir/home/pi/pico/pico-sdk/lib/tinyusb/src/class/vendor/vendor_device.c.o
                0x100056e4                vendord_xfer_cb
 .text.tusb_rhport_init
                0x1000576c       0x60 CMakeFiles/pico_web_server.dir/home/pi/pico/pico-sdk/lib/tinyusb/src/tusb.c.o
                0x1000576c                tusb_rhport_init
 .text.tu_edpt_claim
                0x100057cc       0x54 CMakeFiles/pico_web_server.dir/home/pi/pico/pico-sdk/lib/tinyusb/src/tusb.c.o
                0x100057cc                tu_edpt_claim
 .text.tu_edpt_release
                0x10005820       0x38 CMakeFiles/pico_web_server.dir/home/pi/pico/pico-sdk/lib/tinyusb/src/tusb.c.o
                0x10005820                tu_edpt_release
 .text.tu_edpt_validate
                0x10005858       0x64 CMakeFiles/pico_web_server.dir/home/pi/pico/pico-sdk/lib/tinyusb/src/tusb.c.o
                0x10005858                tu_edpt_validate
 .text.tu_edpt_bind_driver
                0x100058bc       0x58 CMakeFiles/pico_web_server.dir/home/pi/pico/pico-sdk/lib/tinyusb/src/tusb.c.o
                0x100058bc                tu_edpt_bind_driver
 .text.tu_edpt_stream_init
                0x10005914       0x58 CMakeFiles/pico_web_server.dir/home/pi/pico/pico-sdk/lib/tinyusb/src/tusb.c.o
                0x10005914                tu_edpt_stream_init
 .text.tu_edpt_stream_deinit
                0x1000596c        0x4 CMakeFiles/pico_web_server.dir/home/pi/pico/pico-sdk/lib/tinyusb/src/tusb.c.o
                0x1000596c                tu_edpt_stream_deinit
 .text.tu_edpt_stream_write_zlp_if_needed
                0x10005970       0x68 CMakeFiles/pico_web_server.dir/home/pi/pico/pico-sdk/lib/tinyusb/src/tusb.c.o
                0x10005970                tu_edpt_stream_write_zlp_if_needed
 .text.tu_edpt_stream_write_xfer
                0x100059d8       0x70 CMakeFiles/pico_web_server.dir/home/pi/pico/pico-sdk/lib/tinyusb/src/tusb.c.o
                0x100059d8                tu_edpt_stream_write_xfer
 .text.tu_edpt_stream_read_xfer
                0x10005a48       0xd4 CMakeFiles/pico_web_server.dir/home/pi/pico/pico-sdk/lib/tinyusb/src/tusb.c.o
                0x10005a48                tu_edpt_stream_read_xfer
 .text.tu_fifo_config
                0x10005b1c       0x60 CMakeFiles/pico_web_server.dir/home/pi/pico/pico-sdk/lib/tinyusb/src/common/tusb_fifo.c.o
                0x10005b1c                tu_fifo_config
 .text.tu_fifo_count
                0x10005b7c       0x20 CMakeFiles/pico_web_server.dir/home/pi/pico/pico-sdk/lib/tinyusb/src/common/tusb_fifo.c.o
                0x10005b7c                tu_fifo_count
 .text.tu_fifo_empty
                0x10005b9c       0x14 CMakeFiles/pico_web_server.dir/home/pi/pico/pico-sdk/lib/tinyusb/src/common/tusb_fifo.c.o
                0x10005b9c                tu_fifo_empty
 .text.tu_fifo_remaining
                0x10005bb0       0x24 CMakeFiles/pico_web_server.dir/home/pi/pico/pico-sdk/lib/tinyusb/src/common/tusb_fifo.c.o
                0x10005bb0                tu_fifo_remaining
 .text.tu_fifo_read
                0x10005bd4       0x94 CMakeFiles/pico_web_server.dir/home/pi/pico/pico-sdk/lib/tinyusb/src/common/tusb_fifo.c.o
                0x10005bd4                tu_fifo_read
 .text.tu_fifo_read_n
                0x10005c68       0xd8 CMakeFiles/pico_web_server.dir/home/pi/pico/pico-sdk/lib/tinyusb/src/common/tusb_fifo.c.o
                0x10005c68                tu_fifo_read_n
 .text.tu_fifo_write
                0x10005d40       0x84 CMakeFiles/pico_web_server.dir/home/pi/pico/pico-sdk/lib/tinyusb/src/common/tusb_fifo.c.o
                0x10005d40                tu_fifo_write
 .text.tu_fifo_write_n
                0x10005dc4      0x194 CMakeFiles/pico_web_server.dir/home/pi/pico/pico-sdk/lib/tinyusb/src/common/tusb_fifo.c.o
                0x10005dc4                tu_fifo_write_n
 .text.tu_fifo_clear
                0x10005f58       0x38 CMakeFiles/pico_web_server.dir/home/pi/pico/pico-sdk/lib/tinyusb/src/common/tusb_fifo.c.o
                0x10005f58                tu_fifo_clear
 .text.tu_fifo_set_overwritable
                0x10005f90       0x3c CMakeFiles/pico_web_server.dir/home/pi/pico/pico-sdk/lib/tinyusb/src/common/tusb_fifo.c.o
                0x10005f90                tu_fifo_set_overwritable
 .text.lwip_timeout_reached
                0x10005fcc        0x4 CMakeFiles/pico_web_server.dir/home/pi/pico/pico-sdk/src/rp2_common/pico_lwip/lwip_nosys.c.o
 .text.update_next_timeout
                0x10005fd0       0x5c CMakeFiles/pico_web_server.dir/home/pi/pico/pico-sdk/src/rp2_common/pico_lwip/lwip_nosys.c.o
 .text.lwip_nosys_init
                0x1000602c       0x30 CMakeFiles/pico_web_server.dir/home/pi/pico/pico-sdk/src/rp2_common/pico_lwip/lwip_nosys.c.o
                0x1000602c                lwip_nosys_init
 .text.lwip_nosys_deinit
                0x1000605c       0x24 CMakeFiles/pico_web_server.dir/home/pi/pico/pico-sdk/src/rp2_common/pico_lwip/lwip_nosys.c.o
                0x1000605c                lwip_nosys_deinit
 .text.sys_arch_protect
                0x10006080        0x4 CMakeFiles/pico_web_server.dir/home/pi/pico/pico-sdk/src/rp2_common/pico_lwip/lwip_nosys.c.o
                0x10006080                sys_arch_protect
 .text.sys_arch_unprotect
                0x10006084        0x4 CMakeFiles/pico_web_server.dir/home/pi/pico/pico-sdk/src/rp2_common/pico_lwip/lwip_nosys.c.o
                0x10006084                sys_arch_unprotect
 .text.sys_now  0x10006088       0x24 CMakeFiles/pico_web_server.dir/home/pi/pico/pico-sdk/src/rp2_common/pico_lwip/lwip_nosys.c.o
                0x10006088                sys_now
 .text.async_context_base_add_at_time_worker
                0x100060ac       0x24 CMakeFiles/pico_web_server.dir/home/pi/pico/pico-sdk/src/rp2_common/pico_async_context/async_context_base.c.o
                0x100060ac                async_context_base_add_at_time_worker
 .text.async_context_base_remove_at_time_worker
                0x100060d0       0x28 CMakeFiles/pico_web_server.dir/home/pi/pico/pico-sdk/src/rp2_common/pico_async_context/async_context_base.c.o
                0x100060d0                async_context_base_remove_at_time_worker
 .text.async_context_base_add_when_pending_worker
                0x100060f8       0x20 CMakeFiles/pico_web_server.dir/home/pi/pico/pico-sdk/src/rp2_common/pico_async_context/async_context_base.c.o
                0x100060f8                async_context_base_add_when_pending_worker
 .text.async_context_base_remove_when_pending_worker
                0x10006118       0x24 CMakeFiles/pico_web_server.dir/home/pi/pico/pico-sdk/src/rp2_common/pico_async_context/async_context_base.c.o
                0x10006118                async_context_base_remove_when_pending_worker
 .text.async_context_base_execute_once
                0x1000613c       0xdc CMakeFiles/pico_web_server.dir/home/pi/pico/pico-sdk/src/rp2_common/pico_async_context/async_context_base.c.o
                0x1000613c                async_context_base_execute_once
 .text.splitmix64
                0x10006218       0x70 CMakeFiles/pico_web_server.dir/home/pi/pico/pico-sdk/src/rp2_common/pico_rand/rand.c.o
 .text.capture_additional_trng_samples
                0x10006288       0xa0 CMakeFiles/pico_web_server.dir/home/pi/pico/pico-sdk/src/rp2_common/pico_rand/rand.c.o
 .text.xoroshiro128ss
                0x10006328       0x8c CMakeFiles/pico_web_server.dir/home/pi/pico/pico-sdk/src/rp2_common/pico_rand/rand.c.o
 .text.get_rand_64
                0x100063b4      0x184 CMakeFiles/pico_web_server.dir/home/pi/pico/pico-sdk/src/rp2_common/pico_rand/rand.c.o
                0x100063b4                get_rand_64
 .text.get_rand_32
                0x10006538        0x8 CMakeFiles/pico_web_server.dir/home/pi/pico/pico-sdk/src/rp2_common/pico_rand/rand.c.o
                0x10006538                get_rand_32
 .text.lwip_init
                0x10006540       0x28 CMakeFiles/pico_web_server.dir/home/pi/pico/pico-sdk/lib/lwip/src/core/init.c.o
                0x10006540                lwip_init
 .text.lwip_htons
                0x10006568        0x8 CMakeFiles/pico_web_server.dir/home/pi/pico/pico-sdk/lib/lwip/src/core/def.c.o
                0x10006568                lwip_htons
 .text.lwip_htonl
                0x10006570        0x4 CMakeFiles/pico_web_server.dir/home/pi/pico/pico-sdk/lib/lwip/src/core/def.c.o
                0x10006570                lwip_htonl
 .text.lwip_strnstr
                0x10006574       0x50 CMakeFiles/pico_web_server.dir/home/pi/pico/pico-sdk/lib/lwip/src/core/def.c.o
                0x10006574                lwip_strnstr
 .text.lwip_stricmp
                0x100065c4       0x50 CMakeFiles/pico_web_server.dir/home/pi/pico/pico-sdk/lib/lwip/src/core/def.c.o
                0x100065c4                lwip_stricmp
 .text.dns_call_found
                0x10006614      0x154 CMakeFiles/pico_web_server.dir/home/pi/pico/pico-sdk/lib/lwip/src/core/dns.c.o
 .text.dns_send.isra.0
                0x10006768      0x168 CMakeFiles/pico_web_server.dir/home/pi/pico/pico-sdk/lib/lwip/src/core/dns.c.o
 .text.dns_init
                0x100068d0        0x4 CMakeFiles/pico_web_server.dir/home/pi/pico/pico-sdk/lib/lwip/src/core/dns.c.o
                0x100068d0                dns_init
 .text.dns_setserver
                0x100068d4       0x28 CMakeFiles/pico_web_server.dir/home/pi/pico/pico-sdk/lib/lwip/src/core/dns.c.o
                0x100068d4                dns_setserver
 .text.dns_tmr  0x100068fc      0x13c CMakeFiles/pico_web_server.dir/home/pi/pico/pico-sdk/lib/lwip/src/core/dns.c.o
                0x100068fc                dns_tmr
 .text.lwip_standard_chksum
                0x10006a38       0x78 CMakeFiles/pico_web_server.dir/home/pi/pico/pico-sdk/lib/lwip/src/core/inet_chksum.c.o
                0x10006a38                lwip_standard_chksum
 .text.inet_chksum_pseudo
                0x10006ab0       0x8c CMakeFiles/pico_web_server.dir/home/pi/pico/pico-sdk/lib/lwip/src/core/inet_chksum.c.o
                0x10006ab0                inet_chksum_pseudo
 .text.ip_chksum_pseudo
                0x10006b3c        0x4 CMakeFiles/pico_web_server.dir/home/pi/pico/pico-sdk/lib/lwip/src/core/inet_chksum.c.o
                0x10006b3c                ip_chksum_pseudo
 .text.inet_chksum
                0x10006b40       0x88 CMakeFiles/pico_web_server.dir/home/pi/pico/pico-sdk/lib/lwip/src/core/inet_chksum.c.o
                0x10006b40                inet_chksum
 .text.inet_chksum_pbuf
                0x10006bc8       0x54 CMakeFiles/pico_web_server.dir/home/pi/pico/pico-sdk/lib/lwip/src/core/inet_chksum.c.o
                0x10006bc8                inet_chksum_pbuf
 .text.mem_init
                0x10006c1c       0x50 CMakeFiles/pico_web_server.dir/home/pi/pico/pico-sdk/lib/lwip/src/core/mem.c.o
                0x10006c1c                mem_init
 .text.mem_free
                0x10006c6c      0x130 CMakeFiles/pico_web_server.dir/home/pi/pico/pico-sdk/lib/lwip/src/core/mem.c.o
                0x10006c6c                mem_free
 .text.mem_trim
                0x10006d9c      0x13c CMakeFiles/pico_web_server.dir/home/pi/pico/pico-sdk/lib/lwip/src/core/mem.c.o
                0x10006d9c                mem_trim
 .text.mem_malloc
                0x10006ed8      0x15c CMakeFiles/pico_web_server.dir/home/pi/pico/pico-sdk/lib/lwip/src/core/mem.c.o
                0x10006ed8                mem_malloc
 .text.memp_init
                0x10007034       0x74 CMakeFiles/pico_web_server.dir/home/pi/pico/pico-sdk/lib/lwip/src/core/memp.c.o
                0x10007034                memp_init
 .text.memp_malloc
                0x100070a8       0x5c CMakeFiles/pico_web_server.dir/home/pi/pico/pico-sdk/lib/lwip/src/core/memp.c.o
                0x100070a8                memp_malloc
 .text.memp_free
                0x10007104       0x44 CMakeFiles/pico_web_server.dir/home/pi/pico/pico-sdk/lib/lwip/src/core/memp.c.o
                0x10007104                memp_free
 .text.netif_null_output_ip4
                0x10007148        0x8 CMakeFiles/pico_web_server.dir/home/pi/pico/pico-sdk/lib/lwip/src/core/netif.c.o
 .text.netif_init
                0x10007150        0x4 CMakeFiles/pico_web_server.dir/home/pi/pico/pico-sdk/lib/lwip/src/core/netif.c.o
                0x10007150                netif_init
 .text.netif_add
                0x10007154      0x168 CMakeFiles/pico_web_server.dir/home/pi/pico/pico-sdk/lib/lwip/src/core/netif.c.o
                0x10007154                netif_add
 .text.netif_set_addr
                0x100072bc       0xc0 CMakeFiles/pico_web_server.dir/home/pi/pico/pico-sdk/lib/lwip/src/core/netif.c.o
                0x100072bc                netif_set_addr
 .text.netif_remove
                0x1000737c       0x90 CMakeFiles/pico_web_server.dir/home/pi/pico/pico-sdk/lib/lwip/src/core/netif.c.o
                0x1000737c                netif_remove
 .text.netif_set_default
                0x1000740c        0xc CMakeFiles/pico_web_server.dir/home/pi/pico/pico-sdk/lib/lwip/src/core/netif.c.o
                0x1000740c                netif_set_default
 .text.netif_set_up
                0x10007418       0x1c CMakeFiles/pico_web_server.dir/home/pi/pico/pico-sdk/lib/lwip/src/core/netif.c.o
                0x10007418                netif_set_up
 .text.netif_set_link_up
                0x10007434       0x2c CMakeFiles/pico_web_server.dir/home/pi/pico/pico-sdk/lib/lwip/src/core/netif.c.o
                0x10007434                netif_set_link_up
 .text.netif_set_link_down
                0x10007460       0x2c CMakeFiles/pico_web_server.dir/home/pi/pico/pico-sdk/lib/lwip/src/core/netif.c.o
                0x10007460                netif_set_link_down
 .text.netif_get_by_index
                0x1000748c       0x24 CMakeFiles/pico_web_server.dir/home/pi/pico/pico-sdk/lib/lwip/src/core/netif.c.o
                0x1000748c                netif_get_by_index
 .text.pbuf_free.part.0
                0x100074b0       0x90 CMakeFiles/pico_web_server.dir/home/pi/pico/pico-sdk/lib/lwip/src/core/pbuf.c.o
 .text.pbuf_free_ooseq
                0x10007540       0x34 CMakeFiles/pico_web_server.dir/home/pi/pico/pico-sdk/lib/lwip/src/core/pbuf.c.o
                0x10007540                pbuf_free_ooseq
 .text.pbuf_alloc
                0x10007574      0x12c CMakeFiles/pico_web_server.dir/home/pi/pico/pico-sdk/lib/lwip/src/core/pbuf.c.o
                0x10007574                pbuf_alloc
 .text.pbuf_alloced_custom
                0x100076a0       0x3c CMakeFiles/pico_web_server.dir/home/pi/pico/pico-sdk/lib/lwip/src/core/pbuf.c.o
                0x100076a0                pbuf_alloced_custom
 .text.pbuf_realloc
                0x100076dc       0x8c CMakeFiles/pico_web_server.dir/home/pi/pico/pico-sdk/lib/lwip/src/core/pbuf.c.o
                0x100076dc                pbuf_realloc
 .text.pbuf_add_header
                0x10007768       0x4c CMakeFiles/pico_web_server.dir/home/pi/pico/pico-sdk/lib/lwip/src/core/pbuf.c.o
                0x10007768                pbuf_add_header
 .text.pbuf_remove_header
                0x100077b4       0x38 CMakeFiles/pico_web_server.dir/home/pi/pico/pico-sdk/lib/lwip/src/core/pbuf.c.o
                0x100077b4                pbuf_remove_header
 .text.pbuf_header_force
                0x100077ec       0x74 CMakeFiles/pico_web_server.dir/home/pi/pico/pico-sdk/lib/lwip/src/core/pbuf.c.o
                0x100077ec                pbuf_header_force
 .text.pbuf_free
                0x10007860       0x14 CMakeFiles/pico_web_server.dir/home/pi/pico/pico-sdk/lib/lwip/src/core/pbuf.c.o
                0x10007860                pbuf_free
 .text.pbuf_clen
                0x10007874       0x14 CMakeFiles/pico_web_server.dir/home/pi/pico/pico-sdk/lib/lwip/src/core/pbuf.c.o
                0x10007874                pbuf_clen
 .text.pbuf_ref
                0x10007888       0x28 CMakeFiles/pico_web_server.dir/home/pi/pico/pico-sdk/lib/lwip/src/core/pbuf.c.o
                0x10007888                pbuf_ref
 .text.pbuf_cat
                0x100078b0       0x50 CMakeFiles/pico_web_server.dir/home/pi/pico/pico-sdk/lib/lwip/src/core/pbuf.c.o
                0x100078b0                pbuf_cat
 .text.pbuf_chain
                0x10007900       0x68 CMakeFiles/pico_web_server.dir/home/pi/pico/pico-sdk/lib/lwip/src/core/pbuf.c.o
                0x10007900                pbuf_chain
 .text.pbuf_copy_partial_pbuf
                0x10007968      0x10c CMakeFiles/pico_web_server.dir/home/pi/pico/pico-sdk/lib/lwip/src/core/pbuf.c.o
                0x10007968                pbuf_copy_partial_pbuf
 .text.pbuf_copy
                0x10007a74       0x10 CMakeFiles/pico_web_server.dir/home/pi/pico/pico-sdk/lib/lwip/src/core/pbuf.c.o
                0x10007a74                pbuf_copy
 .text.pbuf_copy_partial
                0x10007a84       0x78 CMakeFiles/pico_web_server.dir/home/pi/pico/pico-sdk/lib/lwip/src/core/pbuf.c.o
                0x10007a84                pbuf_copy_partial
 .text.pbuf_take
                0x10007afc       0x6c CMakeFiles/pico_web_server.dir/home/pi/pico/pico-sdk/lib/lwip/src/core/pbuf.c.o
                0x10007afc                pbuf_take
 .text.pbuf_take_at
                0x10007b68       0xc8 CMakeFiles/pico_web_server.dir/home/pi/pico/pico-sdk/lib/lwip/src/core/pbuf.c.o
                0x10007b68                pbuf_take_at
 .text.pbuf_clone
                0x10007c30       0x2c CMakeFiles/pico_web_server.dir/home/pi/pico/pico-sdk/lib/lwip/src/core/pbuf.c.o
                0x10007c30                pbuf_clone
 .text.pbuf_put_at
                0x10007c5c       0x1c CMakeFiles/pico_web_server.dir/home/pi/pico/pico-sdk/lib/lwip/src/core/pbuf.c.o
                0x10007c5c                pbuf_put_at
 .text.raw_input
                0x10007c78       0xe8 CMakeFiles/pico_web_server.dir/home/pi/pico/pico-sdk/lib/lwip/src/core/raw.c.o
                0x10007c78                raw_input
 .text.raw_netif_ip_addr_changed
                0x10007d60       0x3c CMakeFiles/pico_web_server.dir/home/pi/pico/pico-sdk/lib/lwip/src/core/raw.c.o
                0x10007d60                raw_netif_ip_addr_changed
 .text.stats_init
                0x10007d9c        0x4 CMakeFiles/pico_web_server.dir/home/pi/pico/pico-sdk/lib/lwip/src/core/stats.c.o
                0x10007d9c                stats_init
 .text.tcp_close_shutdown_fin
                0x10007da0       0x4c CMakeFiles/pico_web_server.dir/home/pi/pico/pico-sdk/lib/lwip/src/core/tcp.c.o
 .text.tcp_pcb_purge.part.0
                0x10007dec       0xb0 CMakeFiles/pico_web_server.dir/home/pi/pico/pico-sdk/lib/lwip/src/core/tcp.c.o
 .text.tcp_init
                0x10007e9c       0x18 CMakeFiles/pico_web_server.dir/home/pi/pico/pico-sdk/lib/lwip/src/core/tcp.c.o
                0x10007e9c                tcp_init
 .text.tcp_free
                0x10007eb4       0x20 CMakeFiles/pico_web_server.dir/home/pi/pico/pico-sdk/lib/lwip/src/core/tcp.c.o
                0x10007eb4                tcp_free
 .text.tcp_bind
                0x10007ed4       0xd0 CMakeFiles/pico_web_server.dir/home/pi/pico/pico-sdk/lib/lwip/src/core/tcp.c.o
                0x10007ed4                tcp_bind
 .text.tcp_listen_with_backlog
                0x10007fa4       0xa0 CMakeFiles/pico_web_server.dir/home/pi/pico/pico-sdk/lib/lwip/src/core/tcp.c.o
                0x10007fa4                tcp_listen_with_backlog
 .text.tcp_update_rcv_ann_wnd
                0x10008044       0x58 CMakeFiles/pico_web_server.dir/home/pi/pico/pico-sdk/lib/lwip/src/core/tcp.c.o
                0x10008044                tcp_update_rcv_ann_wnd
 .text.tcp_recved
                0x1000809c       0x90 CMakeFiles/pico_web_server.dir/home/pi/pico/pico-sdk/lib/lwip/src/core/tcp.c.o
                0x1000809c                tcp_recved
 .text.tcp_slowtmr
                0x1000812c      0x4d0 CMakeFiles/pico_web_server.dir/home/pi/pico/pico-sdk/lib/lwip/src/core/tcp.c.o
                0x1000812c                tcp_slowtmr
 .text.tcp_segs_free
                0x100085fc       0x34 CMakeFiles/pico_web_server.dir/home/pi/pico/pico-sdk/lib/lwip/src/core/tcp.c.o
                0x100085fc                tcp_segs_free
 .text.tcp_seg_free
                0x10008630       0x1c CMakeFiles/pico_web_server.dir/home/pi/pico/pico-sdk/lib/lwip/src/core/tcp.c.o
                0x10008630                tcp_seg_free
 .text.tcp_setprio
                0x1000864c        0x8 CMakeFiles/pico_web_server.dir/home/pi/pico/pico-sdk/lib/lwip/src/core/tcp.c.o
                0x1000864c                tcp_setprio
 .text.tcp_seg_copy
                0x10008654       0x34 CMakeFiles/pico_web_server.dir/home/pi/pico/pico-sdk/lib/lwip/src/core/tcp.c.o
                0x10008654                tcp_seg_copy
 .text.tcp_arg  0x10008688        0x8 CMakeFiles/pico_web_server.dir/home/pi/pico/pico-sdk/lib/lwip/src/core/tcp.c.o
                0x10008688                tcp_arg
 .text.tcp_recv
                0x10008690       0x1c CMakeFiles/pico_web_server.dir/home/pi/pico/pico-sdk/lib/lwip/src/core/tcp.c.o
                0x10008690                tcp_recv
 .text.tcp_sent
                0x100086ac       0x1c CMakeFiles/pico_web_server.dir/home/pi/pico/pico-sdk/lib/lwip/src/core/tcp.c.o
                0x100086ac                tcp_sent
 .text.tcp_err  0x100086c8       0x1c CMakeFiles/pico_web_server.dir/home/pi/pico/pico-sdk/lib/lwip/src/core/tcp.c.o
                0x100086c8                tcp_err
 .text.tcp_accept
                0x100086e4        0xc CMakeFiles/pico_web_server.dir/home/pi/pico/pico-sdk/lib/lwip/src/core/tcp.c.o
                0x100086e4                tcp_accept
 .text.tcp_poll
                0x100086f0       0x20 CMakeFiles/pico_web_server.dir/home/pi/pico/pico-sdk/lib/lwip/src/core/tcp.c.o
                0x100086f0                tcp_poll
 .text.tcp_pcb_purge
                0x10008710       0x14 CMakeFiles/pico_web_server.dir/home/pi/pico/pico-sdk/lib/lwip/src/core/tcp.c.o
                0x10008710                tcp_pcb_purge
 .text.tcp_pcb_remove
                0x10008724       0xd4 CMakeFiles/pico_web_server.dir/home/pi/pico/pico-sdk/lib/lwip/src/core/tcp.c.o
                0x10008724                tcp_pcb_remove
 .text.tcp_abandon
                0x100087f8      0x188 CMakeFiles/pico_web_server.dir/home/pi/pico/pico-sdk/lib/lwip/src/core/tcp.c.o
                0x100087f8                tcp_abandon
 .text.tcp_abort
                0x10008980        0x8 CMakeFiles/pico_web_server.dir/home/pi/pico/pico-sdk/lib/lwip/src/core/tcp.c.o
                0x10008980                tcp_abort
 .text.tcp_accept_null
                0x10008988       0x1c CMakeFiles/pico_web_server.dir/home/pi/pico/pico-sdk/lib/lwip/src/core/tcp.c.o
 .text.tcp_alloc
                0x100089a4      0x1cc CMakeFiles/pico_web_server.dir/home/pi/pico/pico-sdk/lib/lwip/src/core/tcp.c.o
                0x100089a4                tcp_alloc
 .text.tcp_new_ip_type
                0x10008b70        0x8 CMakeFiles/pico_web_server.dir/home/pi/pico/pico-sdk/lib/lwip/src/core/tcp.c.o
                0x10008b70                tcp_new_ip_type
 .text.tcp_close_shutdown
                0x10008b78      0x180 CMakeFiles/pico_web_server.dir/home/pi/pico/pico-sdk/lib/lwip/src/core/tcp.c.o
 .text.tcp_recv_null
                0x10008cf8       0xc0 CMakeFiles/pico_web_server.dir/home/pi/pico/pico-sdk/lib/lwip/src/core/tcp.c.o
                0x10008cf8                tcp_recv_null
 .text.tcp_process_refused_data
                0x10008db8       0x70 CMakeFiles/pico_web_server.dir/home/pi/pico/pico-sdk/lib/lwip/src/core/tcp.c.o
                0x10008db8                tcp_process_refused_data
 .text.tcp_fasttmr
                0x10008e28       0x84 CMakeFiles/pico_web_server.dir/home/pi/pico/pico-sdk/lib/lwip/src/core/tcp.c.o
                0x10008e28                tcp_fasttmr
 .text.tcp_tmr  0x10008eac       0x24 CMakeFiles/pico_web_server.dir/home/pi/pico/pico-sdk/lib/lwip/src/core/tcp.c.o
                0x10008eac                tcp_tmr
 .text.tcp_close
                0x10008ed0      0x174 CMakeFiles/pico_web_server.dir/home/pi/pico/pico-sdk/lib/lwip/src/core/tcp.c.o
                0x10008ed0                tcp_close
 .text.tcp_next_iss
                0x10009044       0x24 CMakeFiles/pico_web_server.dir/home/pi/pico/pico-sdk/lib/lwip/src/core/tcp.c.o
                0x10009044                tcp_next_iss
 .text.tcp_eff_send_mss_netif
                0x10009068       0x28 CMakeFiles/pico_web_server.dir/home/pi/pico/pico-sdk/lib/lwip/src/core/tcp.c.o
                0x10009068                tcp_eff_send_mss_netif
 .text.tcp_netif_ip_addr_changed
                0x10009090       0x98 CMakeFiles/pico_web_server.dir/home/pi/pico/pico-sdk/lib/lwip/src/core/tcp.c.o
                0x10009090                tcp_netif_ip_addr_changed
 .text.tcp_free_ooseq
                0x10009128       0x38 CMakeFiles/pico_web_server.dir/home/pi/pico/pico-sdk/lib/lwip/src/core/tcp.c.o
                0x10009128                tcp_free_ooseq
 .text.tcp_parseopt
                0x10009160      0x1a8 CMakeFiles/pico_web_server.dir/home/pi/pico/pico-sdk/lib/lwip/src/core/tcp_in.c.o
 .text.tcp_oos_insert_segment
                0x10009308       0xa4 CMakeFiles/pico_web_server.dir/home/pi/pico/pico-sdk/lib/lwip/src/core/tcp_in.c.o
 .text.tcp_free_acked_segments.constprop.0
                0x100093ac       0xb0 CMakeFiles/pico_web_server.dir/home/pi/pico/pico-sdk/lib/lwip/src/core/tcp_in.c.o
 .text.tcp_receive
                0x1000945c      0x8c8 CMakeFiles/pico_web_server.dir/home/pi/pico/pico-sdk/lib/lwip/src/core/tcp_in.c.o
 .text.tcp_input
                0x10009d24      0xca4 CMakeFiles/pico_web_server.dir/home/pi/pico/pico-sdk/lib/lwip/src/core/tcp_in.c.o
                0x10009d24                tcp_input
 .text.tcp_trigger_input_pcb_close
                0x1000a9c8       0x10 CMakeFiles/pico_web_server.dir/home/pi/pico/pico-sdk/lib/lwip/src/core/tcp_in.c.o
                0x1000a9c8                tcp_trigger_input_pcb_close
 .text.tcp_create_segment
                0x1000a9d8       0xd8 CMakeFiles/pico_web_server.dir/home/pi/pico/pico-sdk/lib/lwip/src/core/tcp_out.c.o
 .text.tcp_output_control_segment
                0x1000aab0       0xb8 CMakeFiles/pico_web_server.dir/home/pi/pico/pico-sdk/lib/lwip/src/core/tcp_out.c.o
 .text.tcp_output_alloc_header.constprop.0
                0x1000ab68       0x94 CMakeFiles/pico_web_server.dir/home/pi/pico/pico-sdk/lib/lwip/src/core/tcp_out.c.o
 .text.tcp_write
                0x1000abfc      0x6e8 CMakeFiles/pico_web_server.dir/home/pi/pico/pico-sdk/lib/lwip/src/core/tcp_out.c.o
                0x1000abfc                tcp_write
 .text.tcp_split_unsent_seg
                0x1000b2e4      0x184 CMakeFiles/pico_web_server.dir/home/pi/pico/pico-sdk/lib/lwip/src/core/tcp_out.c.o
                0x1000b2e4                tcp_split_unsent_seg
 .text.tcp_send_fin
                0x1000b468      0x100 CMakeFiles/pico_web_server.dir/home/pi/pico/pico-sdk/lib/lwip/src/core/tcp_out.c.o
                0x1000b468                tcp_send_fin
 .text.tcp_enqueue_flags
                0x1000b568       0xf8 CMakeFiles/pico_web_server.dir/home/pi/pico/pico-sdk/lib/lwip/src/core/tcp_out.c.o
                0x1000b568                tcp_enqueue_flags
 .text.tcp_rexmit_rto_prepare
                0x1000b660       0x78 CMakeFiles/pico_web_server.dir/home/pi/pico/pico-sdk/lib/lwip/src/core/tcp_out.c.o
                0x1000b660                tcp_rexmit_rto_prepare
 .text.tcp_rexmit
                0x1000b6d8       0x78 CMakeFiles/pico_web_server.dir/home/pi/pico/pico-sdk/lib/lwip/src/core/tcp_out.c.o
                0x1000b6d8                tcp_rexmit
 .text.tcp_rexmit_fast
                0x1000b750       0x64 CMakeFiles/pico_web_server.dir/home/pi/pico/pico-sdk/lib/lwip/src/core/tcp_out.c.o
                0x1000b750                tcp_rexmit_fast
 .text.tcp_rst  0x1000b7b4       0xbc CMakeFiles/pico_web_server.dir/home/pi/pico/pico-sdk/lib/lwip/src/core/tcp_out.c.o
                0x1000b7b4                tcp_rst
 .text.tcp_rst_netif
                0x1000b870      0x104 CMakeFiles/pico_web_server.dir/home/pi/pico/pico-sdk/lib/lwip/src/core/tcp_out.c.o
                0x1000b870                tcp_rst_netif
 .text.tcp_send_empty_ack
                0x1000b974       0x50 CMakeFiles/pico_web_server.dir/home/pi/pico/pico-sdk/lib/lwip/src/core/tcp_out.c.o
                0x1000b974                tcp_send_empty_ack
 .text.tcp_output
                0x1000b9c4      0x368 CMakeFiles/pico_web_server.dir/home/pi/pico/pico-sdk/lib/lwip/src/core/tcp_out.c.o
                0x1000b9c4                tcp_output
 .text.tcp_rexmit_rto_commit
                0x1000bd2c       0x24 CMakeFiles/pico_web_server.dir/home/pi/pico/pico-sdk/lib/lwip/src/core/tcp_out.c.o
                0x1000bd2c                tcp_rexmit_rto_commit
 .text.tcp_rexmit_rto
                0x1000bd50       0x88 CMakeFiles/pico_web_server.dir/home/pi/pico/pico-sdk/lib/lwip/src/core/tcp_out.c.o
                0x1000bd50                tcp_rexmit_rto
 .text.tcp_keepalive
                0x1000bdd8       0xb8 CMakeFiles/pico_web_server.dir/home/pi/pico/pico-sdk/lib/lwip/src/core/tcp_out.c.o
                0x1000bdd8                tcp_keepalive
 .text.tcp_zero_window_probe
                0x1000be90       0xc4 CMakeFiles/pico_web_server.dir/home/pi/pico/pico-sdk/lib/lwip/src/core/tcp_out.c.o
                0x1000be90                tcp_zero_window_probe
 .text.tcpip_tcp_timer
                0x1000bf54       0x70 CMakeFiles/pico_web_server.dir/home/pi/pico/pico-sdk/lib/lwip/src/core/timeouts.c.o
 .text.lwip_cyclic_timer
                0x1000bfc4       0x90 CMakeFiles/pico_web_server.dir/home/pi/pico/pico-sdk/lib/lwip/src/core/timeouts.c.o
 .text.tcp_timer_needed
                0x1000c054       0x74 CMakeFiles/pico_web_server.dir/home/pi/pico/pico-sdk/lib/lwip/src/core/timeouts.c.o
                0x1000c054                tcp_timer_needed
 .text.sys_timeouts_init
                0x1000c0c8       0x90 CMakeFiles/pico_web_server.dir/home/pi/pico/pico-sdk/lib/lwip/src/core/timeouts.c.o
                0x1000c0c8                sys_timeouts_init
 .text.sys_check_timeouts
                0x1000c158       0x60 CMakeFiles/pico_web_server.dir/home/pi/pico/pico-sdk/lib/lwip/src/core/timeouts.c.o
                0x1000c158                sys_check_timeouts
 .text.sys_timeouts_sleeptime
                0x1000c1b8       0x24 CMakeFiles/pico_web_server.dir/home/pi/pico/pico-sdk/lib/lwip/src/core/timeouts.c.o
                0x1000c1b8                sys_timeouts_sleeptime
 .text.udp_init
                0x1000c1dc       0x18 CMakeFiles/pico_web_server.dir/home/pi/pico/pico-sdk/lib/lwip/src/core/udp.c.o
                0x1000c1dc                udp_init
 .text.udp_input
                0x1000c1f4      0x254 CMakeFiles/pico_web_server.dir/home/pi/pico/pico-sdk/lib/lwip/src/core/udp.c.o
                0x1000c1f4                udp_input
 .text.udp_bind
                0x1000c448       0xf4 CMakeFiles/pico_web_server.dir/home/pi/pico/pico-sdk/lib/lwip/src/core/udp.c.o
                0x1000c448                udp_bind
 .text.udp_sendto_if_src
                0x1000c53c      0x118 CMakeFiles/pico_web_server.dir/home/pi/pico/pico-sdk/lib/lwip/src/core/udp.c.o
                0x1000c53c                udp_sendto_if_src
 .text.udp_sendto_if
                0x1000c654       0x40 CMakeFiles/pico_web_server.dir/home/pi/pico/pico-sdk/lib/lwip/src/core/udp.c.o
                0x1000c654                udp_sendto_if
 .text.udp_sendto
                0x1000c694       0x7c CMakeFiles/pico_web_server.dir/home/pi/pico/pico-sdk/lib/lwip/src/core/udp.c.o
                0x1000c694                udp_sendto
 .text.udp_connect
                0x1000c710       0x5c CMakeFiles/pico_web_server.dir/home/pi/pico/pico-sdk/lib/lwip/src/core/udp.c.o
                0x1000c710                udp_connect
 .text.udp_recv
                0x1000c76c        0x8 CMakeFiles/pico_web_server.dir/home/pi/pico/pico-sdk/lib/lwip/src/core/udp.c.o
                0x1000c76c                udp_recv
 .text.udp_remove
                0x1000c774       0x34 CMakeFiles/pico_web_server.dir/home/pi/pico/pico-sdk/lib/lwip/src/core/udp.c.o
                0x1000c774                udp_remove
 .text.udp_new  0x1000c7a8       0x1c CMakeFiles/pico_web_server.dir/home/pi/pico/pico-sdk/lib/lwip/src/core/udp.c.o
                0x1000c7a8                udp_new
 .text.udp_netif_ip_addr_changed
                0x1000c7c4       0x3c CMakeFiles/pico_web_server.dir/home/pi/pico/pico-sdk/lib/lwip/src/core/udp.c.o
                0x1000c7c4                udp_netif_ip_addr_changed
 .text.dhcp_create_msg
                0x1000c800      0x108 CMakeFiles/pico_web_server.dir/home/pi/pico/pico-sdk/lib/lwip/src/core/ipv4/dhcp.c.o
 .text.dhcp_bind
                0x1000c908      0x130 CMakeFiles/pico_web_server.dir/home/pi/pico/pico-sdk/lib/lwip/src/core/ipv4/dhcp.c.o
 .text.dhcp_inc_pcb_refcount
                0x1000ca38       0x64 CMakeFiles/pico_web_server.dir/home/pi/pico/pico-sdk/lib/lwip/src/core/ipv4/dhcp.c.o
 .text.dhcp_option_hostname.isra.0
                0x1000ca9c       0x88 CMakeFiles/pico_web_server.dir/home/pi/pico/pico-sdk/lib/lwip/src/core/ipv4/dhcp.c.o
 .text.dhcp_handle_ack.isra.0
                0x1000cb24       0xbc CMakeFiles/pico_web_server.dir/home/pi/pico/pico-sdk/lib/lwip/src/core/ipv4/dhcp.c.o
 .text.dhcp_discover
                0x1000cbe0      0x144 CMakeFiles/pico_web_server.dir/home/pi/pico/pico-sdk/lib/lwip/src/core/ipv4/dhcp.c.o
 .text.dhcp_reboot.isra.0
                0x1000cd24      0x19c CMakeFiles/pico_web_server.dir/home/pi/pico/pico-sdk/lib/lwip/src/core/ipv4/dhcp.c.o
 .text.dhcp_select.isra.0
                0x1000cec0      0x1f8 CMakeFiles/pico_web_server.dir/home/pi/pico/pico-sdk/lib/lwip/src/core/ipv4/dhcp.c.o
 .text.dhcp_recv
                0x1000d0b8      0x5e0 CMakeFiles/pico_web_server.dir/home/pi/pico/pico-sdk/lib/lwip/src/core/ipv4/dhcp.c.o
 .text.dhcp_conflict_callback
                0x1000d698      0x140 CMakeFiles/pico_web_server.dir/home/pi/pico/pico-sdk/lib/lwip/src/core/ipv4/dhcp.c.o
 .text.dhcp_set_struct
                0x1000d7d8       0x3c CMakeFiles/pico_web_server.dir/home/pi/pico/pico-sdk/lib/lwip/src/core/ipv4/dhcp.c.o
                0x1000d7d8                dhcp_set_struct
 .text.dhcp_network_changed_link_up
                0x1000d814       0x40 CMakeFiles/pico_web_server.dir/home/pi/pico/pico-sdk/lib/lwip/src/core/ipv4/dhcp.c.o
                0x1000d814                dhcp_network_changed_link_up
 .text.dhcp_renew
                0x1000d854      0x154 CMakeFiles/pico_web_server.dir/home/pi/pico/pico-sdk/lib/lwip/src/core/ipv4/dhcp.c.o
                0x1000d854                dhcp_renew
 .text.dhcp_release_and_stop
                0x1000d9a8      0x16c CMakeFiles/pico_web_server.dir/home/pi/pico/pico-sdk/lib/lwip/src/core/ipv4/dhcp.c.o
                0x1000d9a8                dhcp_release_and_stop
 .text.dhcp_start
                0x1000db14       0xbc CMakeFiles/pico_web_server.dir/home/pi/pico/pico-sdk/lib/lwip/src/core/ipv4/dhcp.c.o
                0x1000db14                dhcp_start
 .text.dhcp_coarse_tmr
                0x1000dbd0      0x1d4 CMakeFiles/pico_web_server.dir/home/pi/pico/pico-sdk/lib/lwip/src/core/ipv4/dhcp.c.o
                0x1000dbd0                dhcp_coarse_tmr
 .text.dhcp_fine_tmr
                0x1000dda4       0x74 CMakeFiles/pico_web_server.dir/home/pi/pico/pico-sdk/lib/lwip/src/core/ipv4/dhcp.c.o
                0x1000dda4                dhcp_fine_tmr
 .text.dhcp_stop
                0x1000de18        0x4 CMakeFiles/pico_web_server.dir/home/pi/pico/pico-sdk/lib/lwip/src/core/ipv4/dhcp.c.o
                0x1000de18                dhcp_stop
 .text.etharp_find_entry
                0x1000de1c      0x3d8 CMakeFiles/pico_web_server.dir/home/pi/pico/pico-sdk/lib/lwip/src/core/ipv4/etharp.c.o
 .text.etharp_raw
                0x1000e1f4       0xd4 CMakeFiles/pico_web_server.dir/home/pi/pico/pico-sdk/lib/lwip/src/core/ipv4/etharp.c.o
 .text.etharp_output_to_arp_index
                0x1000e2c8       0xd4 CMakeFiles/pico_web_server.dir/home/pi/pico/pico-sdk/lib/lwip/src/core/ipv4/etharp.c.o
 .text.etharp_tmr
                0x1000e39c       0x84 CMakeFiles/pico_web_server.dir/home/pi/pico/pico-sdk/lib/lwip/src/core/ipv4/etharp.c.o
                0x1000e39c                etharp_tmr
 .text.etharp_cleanup_netif
                0x1000e420      0x164 CMakeFiles/pico_web_server.dir/home/pi/pico/pico-sdk/lib/lwip/src/core/ipv4/etharp.c.o
                0x1000e420                etharp_cleanup_netif
 .text.etharp_input
                0x1000e584      0x180 CMakeFiles/pico_web_server.dir/home/pi/pico/pico-sdk/lib/lwip/src/core/ipv4/etharp.c.o
                0x1000e584                etharp_input
 .text.etharp_query
                0x1000e704      0x198 CMakeFiles/pico_web_server.dir/home/pi/pico/pico-sdk/lib/lwip/src/core/ipv4/etharp.c.o
                0x1000e704                etharp_query
 .text.etharp_output
                0x1000e89c      0x224 CMakeFiles/pico_web_server.dir/home/pi/pico/pico-sdk/lib/lwip/src/core/ipv4/etharp.c.o
                0x1000e89c                etharp_output
 .text.etharp_acd_probe
                0x1000eac0       0xd4 CMakeFiles/pico_web_server.dir/home/pi/pico/pico-sdk/lib/lwip/src/core/ipv4/etharp.c.o
                0x1000eac0                etharp_acd_probe
 .text.etharp_acd_announce
                0x1000eb94       0xd0 CMakeFiles/pico_web_server.dir/home/pi/pico/pico-sdk/lib/lwip/src/core/ipv4/etharp.c.o
                0x1000eb94                etharp_acd_announce
 .text.icmp_input
                0x1000ec64      0x1b8 CMakeFiles/pico_web_server.dir/home/pi/pico/pico-sdk/lib/lwip/src/core/ipv4/icmp.c.o
                0x1000ec64                icmp_input
 .text.icmp_dest_unreach
                0x1000ee1c       0xac CMakeFiles/pico_web_server.dir/home/pi/pico/pico-sdk/lib/lwip/src/core/ipv4/icmp.c.o
                0x1000ee1c                icmp_dest_unreach
 .text.icmp_time_exceeded
                0x1000eec8       0xac CMakeFiles/pico_web_server.dir/home/pi/pico/pico-sdk/lib/lwip/src/core/ipv4/icmp.c.o
                0x1000eec8                icmp_time_exceeded
 .text.ipfrag_free_pbuf_custom
                0x1000ef74       0x24 CMakeFiles/pico_web_server.dir/home/pi/pico/pico-sdk/lib/lwip/src/core/ipv4/ip4_frag.c.o
 .text.ip_reass_free_complete_datagram
                0x1000ef98       0xe4 CMakeFiles/pico_web_server.dir/home/pi/pico/pico-sdk/lib/lwip/src/core/ipv4/ip4_frag.c.o
 .text.ip_reass_remove_oldest_datagram
                0x1000f07c       0x88 CMakeFiles/pico_web_server.dir/home/pi/pico/pico-sdk/lib/lwip/src/core/ipv4/ip4_frag.c.o
 .text.ip_reass_tmr
                0x1000f104       0x34 CMakeFiles/pico_web_server.dir/home/pi/pico/pico-sdk/lib/lwip/src/core/ipv4/ip4_frag.c.o
                0x1000f104                ip_reass_tmr
 .text.ip4_reass
                0x1000f138      0x418 CMakeFiles/pico_web_server.dir/home/pi/pico/pico-sdk/lib/lwip/src/core/ipv4/ip4_frag.c.o
                0x1000f138                ip4_reass
 .text.ip4_frag
                0x1000f550      0x1e4 CMakeFiles/pico_web_server.dir/home/pi/pico/pico-sdk/lib/lwip/src/core/ipv4/ip4_frag.c.o
                0x1000f550                ip4_frag
 .text.ip4_route
                0x1000f734       0x70 CMakeFiles/pico_web_server.dir/home/pi/pico/pico-sdk/lib/lwip/src/core/ipv4/ip4.c.o
                0x1000f734                ip4_route
 .text.ip4_input
                0x1000f7a4      0x2e0 CMakeFiles/pico_web_server.dir/home/pi/pico/pico-sdk/lib/lwip/src/core/ipv4/ip4.c.o
                0x1000f7a4                ip4_input
 .text.ip4_output_if
                0x1000fa84      0x148 CMakeFiles/pico_web_server.dir/home/pi/pico/pico-sdk/lib/lwip/src/core/ipv4/ip4.c.o
                0x1000fa84                ip4_output_if
 .text.ip4_output_if_src
                0x1000fbcc      0x140 CMakeFiles/pico_web_server.dir/home/pi/pico/pico-sdk/lib/lwip/src/core/ipv4/ip4.c.o
                0x1000fbcc                ip4_output_if_src
 .text.ip4_addr_isbroadcast_u32
                0x1000fd0c       0x38 CMakeFiles/pico_web_server.dir/home/pi/pico/pico-sdk/lib/lwip/src/core/ipv4/ip4_addr.c.o
                0x1000fd0c                ip4_addr_isbroadcast_u32
 .text.acd_add  0x1000fd44       0x30 CMakeFiles/pico_web_server.dir/home/pi/pico/pico-sdk/lib/lwip/src/core/ipv4/acd.c.o
                0x1000fd44                acd_add
 .text.acd_remove
                0x1000fd74       0x2c CMakeFiles/pico_web_server.dir/home/pi/pico/pico-sdk/lib/lwip/src/core/ipv4/acd.c.o
                0x1000fd74                acd_remove
 .text.acd_start
                0x1000fda0       0x30 CMakeFiles/pico_web_server.dir/home/pi/pico/pico-sdk/lib/lwip/src/core/ipv4/acd.c.o
                0x1000fda0                acd_start
 .text.acd_network_changed_link_down
                0x1000fdd0       0x10 CMakeFiles/pico_web_server.dir/home/pi/pico/pico-sdk/lib/lwip/src/core/ipv4/acd.c.o
                0x1000fdd0                acd_network_changed_link_down
 .text.acd_tmr  0x1000fde0       0xfc CMakeFiles/pico_web_server.dir/home/pi/pico/pico-sdk/lib/lwip/src/core/ipv4/acd.c.o
                0x1000fde0                acd_tmr
 .text.acd_arp_reply
                0x1000fedc       0xcc CMakeFiles/pico_web_server.dir/home/pi/pico/pico-sdk/lib/lwip/src/core/ipv4/acd.c.o
                0x1000fedc                acd_arp_reply
 .text.acd_netif_ip_addr_changed
                0x1000ffa8       0x6c CMakeFiles/pico_web_server.dir/home/pi/pico/pico-sdk/lib/lwip/src/core/ipv4/acd.c.o
                0x1000ffa8                acd_netif_ip_addr_changed
 .text.ethernet_input
                0x10010014       0xc4 CMakeFiles/pico_web_server.dir/home/pi/pico/pico-sdk/lib/lwip/src/netif/ethernet.c.o
                0x10010014                ethernet_input
 .text.ethernet_output
                0x100100d8       0x6c CMakeFiles/pico_web_server.dir/home/pi/pico/pico-sdk/lib/lwip/src/netif/ethernet.c.o
                0x100100d8                ethernet_output
 .text.cyw43_arch_wifi_connect_bssid_until.part.0
                0x10010144       0xc4 CMakeFiles/pico_web_server.dir/home/pi/pico/pico-sdk/src/rp2_common/pico_cyw43_arch/cyw43_arch.c.o
 .text.cyw43_arch_set_async_context
                0x10010208        0xc CMakeFiles/pico_web_server.dir/home/pi/pico/pico-sdk/src/rp2_common/pico_cyw43_arch/cyw43_arch.c.o
                0x10010208                cyw43_arch_set_async_context
 .text.cyw43_arch_enable_sta_mode
                0x10010214       0x18 CMakeFiles/pico_web_server.dir/home/pi/pico/pico-sdk/src/rp2_common/pico_cyw43_arch/cyw43_arch.c.o
                0x10010214                cyw43_arch_enable_sta_mode
 .text.cyw43_arch_wifi_connect_timeout_ms
                0x1001022c       0x84 CMakeFiles/pico_web_server.dir/home/pi/pico/pico-sdk/src/rp2_common/pico_cyw43_arch/cyw43_arch.c.o
                0x1001022c                cyw43_arch_wifi_connect_timeout_ms
 .text.cyw43_arch_gpio_put
                0x100102b0       0x10 CMakeFiles/pico_web_server.dir/home/pi/pico/pico-sdk/src/rp2_common/pico_cyw43_arch/cyw43_arch.c.o
                0x100102b0                cyw43_arch_gpio_put
 .text.cyw43_arch_async_context
                0x100102c0        0xc CMakeFiles/pico_web_server.dir/home/pi/pico/pico-sdk/src/rp2_common/pico_cyw43_arch/cyw43_arch.c.o
                0x100102c0                cyw43_arch_async_context
 .text.cyw43_arch_init
                0x100102cc       0x70 CMakeFiles/pico_web_server.dir/home/pi/pico/pico-sdk/src/rp2_common/pico_cyw43_arch/cyw43_arch_threadsafe_background.c.o
                0x100102cc                cyw43_arch_init
 .text.ns_delay.constprop.0
                0x1001033c       0x24 CMakeFiles/pico_web_server.dir/home/pi/pico/pico-sdk/src/rp2_common/pico_cyw43_driver/cyw43_bus_pio_spi.c.o
 .text.cyw43_spi_deinit
                0x10010360       0x6c CMakeFiles/pico_web_server.dir/home/pi/pico/pico-sdk/src/rp2_common/pico_cyw43_driver/cyw43_bus_pio_spi.c.o
                0x10010360                cyw43_spi_deinit
 .text.cyw43_spi_init
                0x100103cc      0x12c CMakeFiles/pico_web_server.dir/home/pi/pico/pico-sdk/src/rp2_common/pico_cyw43_driver/cyw43_bus_pio_spi.c.o
                0x100103cc                cyw43_spi_init
 .text.cyw43_spi_transfer
                0x100104f8      0x3a8 CMakeFiles/pico_web_server.dir/home/pi/pico/pico-sdk/src/rp2_common/pico_cyw43_driver/cyw43_bus_pio_spi.c.o
                0x100104f8                cyw43_spi_transfer
 .text.cyw43_spi_gpio_setup
                0x100108a0       0x40 CMakeFiles/pico_web_server.dir/home/pi/pico/pico-sdk/src/rp2_common/pico_cyw43_driver/cyw43_bus_pio_spi.c.o
                0x100108a0                cyw43_spi_gpio_setup
 .text.cyw43_spi_reset
                0x100108e0       0x30 CMakeFiles/pico_web_server.dir/home/pi/pico/pico-sdk/src/rp2_common/pico_cyw43_driver/cyw43_bus_pio_spi.c.o
                0x100108e0                cyw43_spi_reset
 .text.read_reg_u32_swap
                0x10010910       0x3c CMakeFiles/pico_web_server.dir/home/pi/pico/pico-sdk/src/rp2_common/pico_cyw43_driver/cyw43_bus_pio_spi.c.o
                0x10010910                read_reg_u32_swap
 .text.cyw43_read_reg_u32
                0x1001094c       0x58 CMakeFiles/pico_web_server.dir/home/pi/pico/pico-sdk/src/rp2_common/pico_cyw43_driver/cyw43_bus_pio_spi.c.o
                0x1001094c                cyw43_read_reg_u32
 .text.cyw43_read_reg_u16
                0x100109a4       0x58 CMakeFiles/pico_web_server.dir/home/pi/pico/pico-sdk/src/rp2_common/pico_cyw43_driver/cyw43_bus_pio_spi.c.o
                0x100109a4                cyw43_read_reg_u16
 .text.cyw43_read_reg_u8
                0x100109fc       0x58 CMakeFiles/pico_web_server.dir/home/pi/pico/pico-sdk/src/rp2_common/pico_cyw43_driver/cyw43_bus_pio_spi.c.o
                0x100109fc                cyw43_read_reg_u8
 .text.write_reg_u32_swap
                0x10010a54      0x1d0 CMakeFiles/pico_web_server.dir/home/pi/pico/pico-sdk/src/rp2_common/pico_cyw43_driver/cyw43_bus_pio_spi.c.o
                0x10010a54                write_reg_u32_swap
 .text.cyw43_write_reg_u32
                0x10010c24      0x1cc CMakeFiles/pico_web_server.dir/home/pi/pico/pico-sdk/src/rp2_common/pico_cyw43_driver/cyw43_bus_pio_spi.c.o
                0x10010c24                cyw43_write_reg_u32
 .text.cyw43_write_reg_u16
                0x10010df0      0x1cc CMakeFiles/pico_web_server.dir/home/pi/pico/pico-sdk/src/rp2_common/pico_cyw43_driver/cyw43_bus_pio_spi.c.o
                0x10010df0                cyw43_write_reg_u16
 .text.cyw43_write_reg_u8
                0x10010fbc      0x1cc CMakeFiles/pico_web_server.dir/home/pi/pico/pico-sdk/src/rp2_common/pico_cyw43_driver/cyw43_bus_pio_spi.c.o
                0x10010fbc                cyw43_write_reg_u8
 .text.cyw43_read_bytes
                0x10011188       0x84 CMakeFiles/pico_web_server.dir/home/pi/pico/pico-sdk/src/rp2_common/pico_cyw43_driver/cyw43_bus_pio_spi.c.o
                0x10011188                cyw43_read_bytes
 .text.cyw43_write_bytes
                0x1001120c       0xd4 CMakeFiles/pico_web_server.dir/home/pi/pico/pico-sdk/src/rp2_common/pico_cyw43_driver/cyw43_bus_pio_spi.c.o
                0x1001120c                cyw43_write_bytes
 .text.cyw43_set_backplane_window
                0x100112e0       0x70 CMakeFiles/pico_web_server.dir/home/pi/pico/pico-sdk/lib/cyw43-driver/src/cyw43_ll.c.o
 .text.cyw43_ll_parse_async_event
                0x10011350      0x110 CMakeFiles/pico_web_server.dir/home/pi/pico/pico-sdk/lib/cyw43-driver/src/cyw43_ll.c.o
 .text.cyw43_kso_set
                0x10011460       0x7c CMakeFiles/pico_web_server.dir/home/pi/pico/pico-sdk/lib/cyw43-driver/src/cyw43_ll.c.o
 .text.cyw43_ll_sdpcm_poll_device
                0x100114dc      0x228 CMakeFiles/pico_web_server.dir/home/pi/pico/pico-sdk/lib/cyw43-driver/src/cyw43_ll.c.o
 .text.cyw43_sdpcm_send_common
                0x10011704       0xe8 CMakeFiles/pico_web_server.dir/home/pi/pico/pico-sdk/lib/cyw43-driver/src/cyw43_ll.c.o
 .text.cyw43_do_ioctl.part.0